<html>
<body>
<pre>
<h1>µVision Build Log</h1>
<h2>Tool Versions:</h2>
IDE-Version: µVision V5.15
Copyright (C) 2015 ARM Ltd and ARM Germany GmbH. All rights reserved.
License Information: furkan yx, kou, LIC=----
 
Tool Versions:
Toolchain:       MDK-Lite  Version: 5.15.0
Toolchain Path:  C:\Program Files\KEILv5\ARM\ARMCC\Bin
C Compiler:      Armcc.exe V5.05 update 2 (build 169)
Assembler:       Armasm.exe V5.05 update 2 (build 169)
Linker/Locator:  ArmLink.exe V5.05 update 2 (build 169)
Library Manager: ArmAr.exe V5.05 update 2 (build 169)
Hex Converter:   FromElf.exe V5.05 update 2 (build 169)
CPU DLL:         SARMCM3.DLL V5.15.0
Dialog DLL:      DCM.DLL V1.13.2.0
Target DLL:      STLink\ST-LINKIII-KEIL_SWO.dll V2.0.15.0_KEIL
Dialog DLL:      TCM.DLL V1.14.5.0
 
<h2>Project:</h2>
D:\Development\Projects\EMBEDDED\STM32\STM32F103\stm32f1_projects\31-RobotKol\Project_FILE.uvprojx
Project File Date:  04/01/2017

<h2>Output:</h2>
*** Using Compiler 'V5.05 update 2 (build 169)', folder: 'C:\Program Files\KEILv5\ARM\ARMCC\Bin'
Build target 'project-2'
compiling main.c...
main.c(71): warning:  #223-D: function "sprintf" declared implicitly
                        sprintf(a,"%d",dutyCycle1);
main.c(84): warning:  #223-D: function "sprintf" declared implicitly
                        sprintf(a,"%d",dutyCycle2);
main.c(101): warning:  #223-D: function "sprintf" declared implicitly
                        sprintf(a,"%d",dutyCycle1);
main.c(114): warning:  #223-D: function "sprintf" declared implicitly
                        sprintf(a,"%d",dutyCycle2);
main.c: 4 warnings, 0 errors
linking...
Program Size: Code=4748 RO-data=268 RW-data=80 ZI-data=1632  
FromELF: creating hex file...
".\Objects\second-project.axf" - 0 Error(s), 4 Warning(s).

<h2>Collection of Component include folders:</h2>
  D:\Development\Projects\EMBEDDED\STM32\STM32F103\stm32f1_projects\31-RobotKol\RTE
  C:\Program Files\KEILv5\ARM\PACK\Keil\STM32F1xx_DFP\2.1.0\Device\Include

<h2>Collection of Component Files used:</h2>
</pre>
</body>
</html>
