Component: ARM Compiler 5.05 update 2 (build 169) Tool: armlink [4d0f33]

==============================================================================

Section Cross References

    misc.o(.ARM.exidx) refers to misc.o(i.NVIC_PriorityGroupConfig) for i.NVIC_PriorityGroupConfig
    misc.o(.ARM.exidx) refers to misc.o(i.NVIC_Init) for i.NVIC_Init
    misc.o(.ARM.exidx) refers to misc.o(i.NVIC_SetVectorTable) for i.NVIC_SetVectorTable
    misc.o(.ARM.exidx) refers to misc.o(i.NVIC_SystemLPConfig) for i.NVIC_SystemLPConfig
    misc.o(.ARM.exidx) refers to misc.o(i.SysTick_CLKSourceConfig) for i.SysTick_CLKSourceConfig
    stm32f10x_dbgmcu.o(.ARM.exidx) refers to stm32f10x_dbgmcu.o(i.DBGMCU_GetREVID) for i.DBGMCU_GetREVID
    stm32f10x_dbgmcu.o(.ARM.exidx) refers to stm32f10x_dbgmcu.o(i.DBGMCU_GetDEVID) for i.DBGMCU_GetDEVID
    stm32f10x_dbgmcu.o(.ARM.exidx) refers to stm32f10x_dbgmcu.o(i.DBGMCU_Config) for i.DBGMCU_Config
    stm32f10x_exti.o(.ARM.exidx) refers to stm32f10x_exti.o(i.EXTI_DeInit) for i.EXTI_DeInit
    stm32f10x_exti.o(.ARM.exidx) refers to stm32f10x_exti.o(i.EXTI_Init) for i.EXTI_Init
    stm32f10x_exti.o(.ARM.exidx) refers to stm32f10x_exti.o(i.EXTI_StructInit) for i.EXTI_StructInit
    stm32f10x_exti.o(.ARM.exidx) refers to stm32f10x_exti.o(i.EXTI_GenerateSWInterrupt) for i.EXTI_GenerateSWInterrupt
    stm32f10x_exti.o(.ARM.exidx) refers to stm32f10x_exti.o(i.EXTI_GetFlagStatus) for i.EXTI_GetFlagStatus
    stm32f10x_exti.o(.ARM.exidx) refers to stm32f10x_exti.o(i.EXTI_ClearFlag) for i.EXTI_ClearFlag
    stm32f10x_exti.o(.ARM.exidx) refers to stm32f10x_exti.o(i.EXTI_GetITStatus) for i.EXTI_GetITStatus
    stm32f10x_exti.o(.ARM.exidx) refers to stm32f10x_exti.o(i.EXTI_ClearITPendingBit) for i.EXTI_ClearITPendingBit
    stm32f10x_flash.o(i.FLASH_EnableWriteProtection) refers to stm32f10x_flash.o(i.FLASH_WaitForLastOperation) for FLASH_WaitForLastOperation
    stm32f10x_flash.o(i.FLASH_EraseAllBank1Pages) refers to stm32f10x_flash.o(i.FLASH_WaitForLastBank1Operation) for FLASH_WaitForLastBank1Operation
    stm32f10x_flash.o(i.FLASH_EraseAllPages) refers to stm32f10x_flash.o(i.FLASH_WaitForLastOperation) for FLASH_WaitForLastOperation
    stm32f10x_flash.o(i.FLASH_EraseOptionBytes) refers to stm32f10x_flash.o(i.FLASH_GetReadOutProtectionStatus) for FLASH_GetReadOutProtectionStatus
    stm32f10x_flash.o(i.FLASH_EraseOptionBytes) refers to stm32f10x_flash.o(i.FLASH_WaitForLastOperation) for FLASH_WaitForLastOperation
    stm32f10x_flash.o(i.FLASH_ErasePage) refers to stm32f10x_flash.o(i.FLASH_WaitForLastOperation) for FLASH_WaitForLastOperation
    stm32f10x_flash.o(i.FLASH_ProgramHalfWord) refers to stm32f10x_flash.o(i.FLASH_WaitForLastOperation) for FLASH_WaitForLastOperation
    stm32f10x_flash.o(i.FLASH_ProgramOptionByteData) refers to stm32f10x_flash.o(i.FLASH_WaitForLastOperation) for FLASH_WaitForLastOperation
    stm32f10x_flash.o(i.FLASH_ProgramWord) refers to stm32f10x_flash.o(i.FLASH_WaitForLastOperation) for FLASH_WaitForLastOperation
    stm32f10x_flash.o(i.FLASH_ReadOutProtection) refers to stm32f10x_flash.o(i.FLASH_WaitForLastOperation) for FLASH_WaitForLastOperation
    stm32f10x_flash.o(i.FLASH_UserOptionByteConfig) refers to stm32f10x_flash.o(i.FLASH_WaitForLastOperation) for FLASH_WaitForLastOperation
    stm32f10x_flash.o(i.FLASH_WaitForLastBank1Operation) refers to stm32f10x_flash.o(i.FLASH_GetBank1Status) for FLASH_GetBank1Status
    stm32f10x_flash.o(i.FLASH_WaitForLastOperation) refers to stm32f10x_flash.o(i.FLASH_GetBank1Status) for FLASH_GetBank1Status
    stm32f10x_flash.o(.ARM.exidx) refers to stm32f10x_flash.o(i.FLASH_SetLatency) for i.FLASH_SetLatency
    stm32f10x_flash.o(.ARM.exidx) refers to stm32f10x_flash.o(i.FLASH_HalfCycleAccessCmd) for i.FLASH_HalfCycleAccessCmd
    stm32f10x_flash.o(.ARM.exidx) refers to stm32f10x_flash.o(i.FLASH_PrefetchBufferCmd) for i.FLASH_PrefetchBufferCmd
    stm32f10x_flash.o(.ARM.exidx) refers to stm32f10x_flash.o(i.FLASH_Unlock) for i.FLASH_Unlock
    stm32f10x_flash.o(.ARM.exidx) refers to stm32f10x_flash.o(i.FLASH_UnlockBank1) for i.FLASH_UnlockBank1
    stm32f10x_flash.o(.ARM.exidx) refers to stm32f10x_flash.o(i.FLASH_Lock) for i.FLASH_Lock
    stm32f10x_flash.o(.ARM.exidx) refers to stm32f10x_flash.o(i.FLASH_LockBank1) for i.FLASH_LockBank1
    stm32f10x_flash.o(.ARM.exidx) refers to stm32f10x_flash.o(i.FLASH_GetBank1Status) for i.FLASH_GetBank1Status
    stm32f10x_flash.o(.ARM.exidx) refers to stm32f10x_flash.o(i.FLASH_WaitForLastOperation) for i.FLASH_WaitForLastOperation
    stm32f10x_flash.o(.ARM.exidx) refers to stm32f10x_flash.o(i.FLASH_ErasePage) for i.FLASH_ErasePage
    stm32f10x_flash.o(.ARM.exidx) refers to stm32f10x_flash.o(i.FLASH_EraseAllPages) for i.FLASH_EraseAllPages
    stm32f10x_flash.o(.ARM.exidx) refers to stm32f10x_flash.o(i.FLASH_WaitForLastBank1Operation) for i.FLASH_WaitForLastBank1Operation
[...]
    system_stm32f10x.o(.ARM.exidx) refers to system_stm32f10x.o(i._ZN40_INTERNAL_18_system_stm32f10x_c_5d646a6715SetSysClockTo72Ev) for i._ZN40_INTERNAL_18_system_stm32f10x_c_5d646a6715SetSysClockTo72Ev
    system_stm32f10x.o(.ARM.exidx) refers to system_stm32f10x.o(i._ZN40_INTERNAL_18_system_stm32f10x_c_5d646a6711SetSysClockEv) for i._ZN40_INTERNAL_18_system_stm32f10x_c_5d646a6711SetSysClockEv
    system_stm32f10x.o(.ARM.exidx) refers to system_stm32f10x.o(i.SystemInit) for i.SystemInit
    system_stm32f10x.o(.ARM.exidx) refers to system_stm32f10x.o(i.SystemCoreClockUpdate) for i.SystemCoreClockUpdate
    dds.o(i._ZN9DDS_class10DDS_Set_CREhhhhh) refers to dds.o(i._ZN9DDS_class18DDS_SPI_SendAndGetEt) for DDS_class::DDS_SPI_SendAndGet(unsigned short)
    dds.o(i._ZN9DDS_class12DDS_SPI_InitEv) refers to stm32f10x_gpio.o(i.GPIO_Init) for GPIO_Init
    dds.o(i._ZN9DDS_class12DDS_SPI_InitEv) refers to stm32f10x_spi.o(i.SPI_I2S_ITConfig) for SPI_I2S_ITConfig
    dds.o(i._ZN9DDS_class12DDS_SPI_InitEv) refers to stm32f10x_spi.o(i.SPI_Init) for SPI_Init
    dds.o(i._ZN9DDS_class12DDS_SPI_InitEv) refers to stm32f10x_spi.o(i.SPI_Cmd) for SPI_Cmd
    dds.o(i._ZN9DDS_class14DDS_USART_InitEv) refers to stm32f10x_gpio.o(i.GPIO_Init) for GPIO_Init
    dds.o(i._ZN9DDS_class14DDS_USART_InitEv) refers to stm32f10x_usart.o(i.USART_Init) for USART_Init
    dds.o(i._ZN9DDS_class14DDS_USART_InitEv) refers to stm32f10x_usart.o(i.USART_Cmd) for USART_Cmd
    dds.o(i._ZN9DDS_class15DDS_Set_Delta_FEjh) refers to dds.o(i._ZN9DDS_class18DDS_SPI_SendAndGetEt) for DDS_class::DDS_SPI_SendAndGet(unsigned short)
    dds.o(i._ZN9DDS_class16DDS_Set_NumOfIncEt) refers to dds.o(i._ZN9DDS_class18DDS_SPI_SendAndGetEt) for DDS_class::DDS_SPI_SendAndGet(unsigned short)
    dds.o(i._ZN9DDS_class18DDS_SPI_SendAndGetEt) refers to stm32f10x_spi.o(i.SPI_I2S_GetFlagStatus) for SPI_I2S_GetFlagStatus
    dds.o(i._ZN9DDS_class18DDS_SPI_SendAndGetEt) refers to stm32f10x_spi.o(i.SPI_I2S_SendData) for SPI_I2S_SendData
    dds.o(i._ZN9DDS_class18DDS_SPI_SendAndGetEt) refers to stm32f10x_spi.o(i.SPI_I2S_ReceiveData) for SPI_I2S_ReceiveData
    dds.o(i._ZN9DDS_class18DDS_Set_Start_FreqEj) refers to dds.o(i._ZN9DDS_class18DDS_SPI_SendAndGetEt) for DDS_class::DDS_SPI_SendAndGet(unsigned short)
    dds.o(i._ZN9DDS_classC1EP11SPI_TypeDef) refers to stm32f10x_rcc.o(i.RCC_APB2PeriphClockCmd) for RCC_APB2PeriphClockCmd
    dds.o(i._ZN9DDS_classC1EP11SPI_TypeDef) refers to stm32f10x_rcc.o(i.RCC_APB1PeriphClockCmd) for RCC_APB1PeriphClockCmd
    dds.o(i._ZN9DDS_classC1EP13USART_TypeDefj) refers to stm32f10x_rcc.o(i.RCC_APB2PeriphClockCmd) for RCC_APB2PeriphClockCmd
    dds.o(i._ZN9DDS_classC1EP13USART_TypeDefj) refers to stm32f10x_rcc.o(i.RCC_APB1PeriphClockCmd) for RCC_APB1PeriphClockCmd
    dds.o(i._ZN9DDS_classC1EP13USART_TypeDefj) refers to dds.o(i._ZN9DDS_class14DDS_USART_InitEv) for DDS_class::DDS_USART_Init()
    dds.o(i._ZN9DDS_classC1Ev) refers to dds.o(i._ZN9DDS_class12DDS_SPI_InitEv) for DDS_class::DDS_SPI_Init()
    dds.o(.ARM.exidx) refers to dds.o(i._ZN9DDS_class12DDS_SPI_InitEv) for i._ZN9DDS_class12DDS_SPI_InitEv
    dds.o(.ARM.exidx) refers to dds.o(i._ZN9DDS_classC1Ev) for i._ZN9DDS_classC1Ev
    dds.o(.ARM.exidx) refers to dds.o(i._ZN9DDS_classC1EP11SPI_TypeDef) for i._ZN9DDS_classC1EP11SPI_TypeDef
    dds.o(.ARM.exidx) refers to dds.o(i._ZN9DDS_class14DDS_USART_InitEv) for i._ZN9DDS_class14DDS_USART_InitEv
    dds.o(.ARM.exidx) refers to dds.o(i._ZN9DDS_classC1EP13USART_TypeDefj) for i._ZN9DDS_classC1EP13USART_TypeDefj
    dds.o(.ARM.exidx) refers to dds.o(i._ZN9DDS_classC1E9wave_type) for i._ZN9DDS_classC1E9wave_type
    dds.o(.ARM.exidx) refers to dds.o(i._ZN9DDS_class18DDS_SPI_SendAndGetEt) for i._ZN9DDS_class18DDS_SPI_SendAndGetEt
    dds.o(.ARM.exidx) refers to dds.o(i._ZN9DDS_class18DDS_Set_Start_FreqEj) for i._ZN9DDS_class18DDS_Set_Start_FreqEj
    dds.o(.ARM.exidx) refers to dds.o(i._ZN9DDS_class15DDS_Set_Delta_FEjh) for i._ZN9DDS_class15DDS_Set_Delta_FEjh
    dds.o(.ARM.exidx) refers to dds.o(i._ZN9DDS_class10DDS_Set_CREhhhhh) for i._ZN9DDS_class10DDS_Set_CREhhhhh
    dds.o(.ARM.exidx) refers to dds.o(i._ZN9DDS_class16DDS_Set_NumOfIncEt) for i._ZN9DDS_class16DDS_Set_NumOfIncEt
    dds.o(.ARM.exidx) refers to dds.o(i._ZN9DDS_class24DDS_Set_Inc_IntervalTimeEht) for i._ZN9DDS_class24DDS_Set_Inc_IntervalTimeEht
    dds.o(.ARM.exidx) refers to dds.o(i._ZN9DDS_class14DDS_USART_SendEPh) for i._ZN9DDS_class14DDS_USART_SendEPh
    __main.o(!!!main) refers to __rtentry.o(.ARM.Collect$$rtentry$$00000000) for __rt_entry
    __rtentry.o(.ARM.Collect$$rtentry$$00000000) refers (Special) to __rtentry2.o(.ARM.Collect$$rtentry$$0000000A) for __rt_entry_li
    __rtentry.o(.ARM.Collect$$rtentry$$00000000) refers (Special) to __rtentry2.o(.ARM.Collect$$rtentry$$0000000D) for __rt_entry_main
    __rtentry.o(.ARM.Collect$$rtentry$$00000000) refers (Special) to __rtentry2.o(.ARM.Collect$$rtentry$$0000000C) for __rt_entry_postli_1
    __rtentry.o(.ARM.Collect$$rtentry$$00000000) refers (Special) to __rtentry2.o(.ARM.Collect$$rtentry$$00000009) for __rt_entry_postsh_1
    __rtentry.o(.ARM.Collect$$rtentry$$00000000) refers (Special) to __rtentry2.o(.ARM.Collect$$rtentry$$00000002) for __rt_entry_presh_1
    __rtentry.o(.ARM.Collect$$rtentry$$00000000) refers (Special) to __rtentry4.o(.ARM.Collect$$rtentry$$00000004) for __rt_entry_sh
    __rtentry2.o(.ARM.Collect$$rtentry$$00000008) refers to boardinit2.o(.text) for _platform_post_stackheap_init
    __rtentry2.o(.ARM.Collect$$rtentry$$0000000A) refers to libinit.o(.ARM.Collect$$libinit$$00000000) for __rt_lib_init
    __rtentry2.o(.ARM.Collect$$rtentry$$0000000B) refers to boardinit3.o(.text) for _platform_post_lib_init
    __rtentry2.o(.ARM.Collect$$rtentry$$0000000D) refers to main.o(i.main) for main
    __rtentry2.o(.ARM.Collect$$rtentry$$0000000D) refers to exit.o(.text) for exit
    __rtentry2.o(.ARM.exidx) refers to __rtentry2.o(.ARM.Collect$$rtentry$$00000001) for .ARM.Collect$$rtentry$$00000001
    __rtentry2.o(.ARM.exidx) refers to __rtentry2.o(.ARM.Collect$$rtentry$$00000008) for .ARM.Collect$$rtentry$$00000008
    __rtentry2.o(.ARM.exidx) refers to __rtentry2.o(.ARM.Collect$$rtentry$$0000000A) for .ARM.Collect$$rtentry$$0000000A
    __rtentry2.o(.ARM.exidx) refers to __rtentry2.o(.ARM.Collect$$rtentry$$0000000B) for .ARM.Collect$$rtentry$$0000000B
    __rtentry2.o(.ARM.exidx) refers to __rtentry2.o(.ARM.Collect$$rtentry$$0000000D) for .ARM.Collect$$rtentry$$0000000D
    __rtentry4.o(.ARM.Collect$$rtentry$$00000004) refers to sys_stackheap_outer.o(.text) for __user_setup_stackheap
    __rtentry4.o(.ARM.exidx) refers to __rtentry4.o(.ARM.Collect$$rtentry$$00000004) for .ARM.Collect$$rtentry$$00000004
    sys_stackheap_outer.o(.text) refers to libspace.o(.text) for __user_perproc_libspace
    sys_stackheap_outer.o(.text) refers to startup_stm32f10x_md.o(.text) for __user_initial_stackheap
    exit.o(.text) refers to rtexit.o(.ARM.Collect$$rtexit$$00000000) for __rt_exit
    libinit.o(.ARM.Collect$$libinit$$00000000) refers (Special) to libinit2.o(.ARM.Collect$$libinit$$0000002E) for __rt_lib_init_alloca_1
    libinit.o(.ARM.Collect$$libinit$$00000000) refers (Special) to libinit2.o(.ARM.Collect$$libinit$$0000002C) for __rt_lib_init_argv_1
    libinit.o(.ARM.Collect$$libinit$$00000000) refers (Special) to libinit2.o(.ARM.Collect$$libinit$$0000001B) for __rt_lib_init_atexit_1
    libinit.o(.ARM.Collect$$libinit$$00000000) refers (Special) to libinit2.o(.ARM.Collect$$libinit$$00000021) for __rt_lib_init_clock_1
    libinit.o(.ARM.Collect$$libinit$$00000000) refers (Special) to libinit2.o(.ARM.Collect$$libinit$$00000032) for __rt_lib_init_cpp_1
    libinit.o(.ARM.Collect$$libinit$$00000000) refers (Special) to libinit2.o(.ARM.Collect$$libinit$$00000030) for __rt_lib_init_exceptions_1
    libinit.o(.ARM.Collect$$libinit$$00000000) refers (Special) to libinit2.o(.ARM.Collect$$libinit$$00000002) for __rt_lib_init_fp_1
    libinit.o(.ARM.Collect$$libinit$$00000000) refers (Special) to libinit2.o(.ARM.Collect$$libinit$$0000001F) for __rt_lib_init_fp_trap_1
    libinit.o(.ARM.Collect$$libinit$$00000000) refers (Special) to libinit2.o(.ARM.Collect$$libinit$$00000023) for __rt_lib_init_getenv_1
    libinit.o(.ARM.Collect$$libinit$$00000000) refers (Special) to libinit2.o(.ARM.Collect$$libinit$$0000000A) for __rt_lib_init_heap_1
    libinit.o(.ARM.Collect$$libinit$$00000000) refers (Special) to libinit2.o(.ARM.Collect$$libinit$$00000011) for __rt_lib_init_lc_collate_1
    libinit.o(.ARM.Collect$$libinit$$00000000) refers (Special) to libinit2.o(.ARM.Collect$$libinit$$00000013) for __rt_lib_init_lc_ctype_1
    libinit.o(.ARM.Collect$$libinit$$00000000) refers (Special) to libinit2.o(.ARM.Collect$$libinit$$00000015) for __rt_lib_init_lc_monetary_1
    libinit.o(.ARM.Collect$$libinit$$00000000) refers (Special) to libinit2.o(.ARM.Collect$$libinit$$00000017) for __rt_lib_init_lc_numeric_1
    libinit.o(.ARM.Collect$$libinit$$00000000) refers (Special) to libinit2.o(.ARM.Collect$$libinit$$00000019) for __rt_lib_init_lc_time_1
    libinit.o(.ARM.Collect$$libinit$$00000000) refers (Special) to libinit2.o(.ARM.Collect$$libinit$$00000004) for __rt_lib_init_preinit_1
    libinit.o(.ARM.Collect$$libinit$$00000000) refers (Special) to libinit2.o(.ARM.Collect$$libinit$$0000000E) for __rt_lib_init_rand_1
    libinit.o(.ARM.Collect$$libinit$$00000000) refers (Special) to libinit2.o(.ARM.Collect$$libinit$$00000033) for __rt_lib_init_return
    libinit.o(.ARM.Collect$$libinit$$00000000) refers (Special) to libinit2.o(.ARM.Collect$$libinit$$0000001D) for __rt_lib_init_signal_1
    libinit.o(.ARM.Collect$$libinit$$00000000) refers (Special) to libinit2.o(.ARM.Collect$$libinit$$00000025) for __rt_lib_init_stdio_1
    libinit.o(.ARM.Collect$$libinit$$00000000) refers (Special) to libinit2.o(.ARM.Collect$$libinit$$0000000C) for __rt_lib_init_user_alloc_1
    libspace.o(.text) refers to libspace.o(.bss) for __libspace_start
    rtexit.o(.ARM.Collect$$rtexit$$00000000) refers (Special) to rtexit2.o(.ARM.Collect$$rtexit$$00000004) for __rt_exit_exit
    rtexit.o(.ARM.Collect$$rtexit$$00000000) refers (Special) to rtexit2.o(.ARM.Collect$$rtexit$$00000003) for __rt_exit_ls
    rtexit.o(.ARM.Collect$$rtexit$$00000000) refers (Special) to rtexit2.o(.ARM.Collect$$rtexit$$00000002) for __rt_exit_prels_1
    rtexit.o(.ARM.exidx) refers (Special) to rtexit2.o(.ARM.Collect$$rtexit$$00000004) for __rt_exit_exit
    rtexit.o(.ARM.exidx) refers (Special) to rtexit2.o(.ARM.Collect$$rtexit$$00000003) for __rt_exit_ls
    rtexit.o(.ARM.exidx) refers (Special) to rtexit2.o(.ARM.Collect$$rtexit$$00000002) for __rt_exit_prels_1
    rtexit.o(.ARM.exidx) refers to rtexit.o(.ARM.Collect$$rtexit$$00000000) for .ARM.Collect$$rtexit$$00000000
    libinit2.o(.ARM.Collect$$libinit$$00000010) refers to libinit2.o(.ARM.Collect$$libinit$$0000000F) for .ARM.Collect$$libinit$$0000000F
    libinit2.o(.ARM.Collect$$libinit$$00000012) refers to libinit2.o(.ARM.Collect$$libinit$$0000000F) for .ARM.Collect$$libinit$$0000000F
    libinit2.o(.ARM.Collect$$libinit$$00000014) refers to libinit2.o(.ARM.Collect$$libinit$$0000000F) for .ARM.Collect$$libinit$$0000000F
    libinit2.o(.ARM.Collect$$libinit$$00000016) refers to libinit2.o(.ARM.Collect$$libinit$$0000000F) for .ARM.Collect$$libinit$$0000000F
    libinit2.o(.ARM.Collect$$libinit$$00000018) refers to libinit2.o(.ARM.Collect$$libinit$$0000000F) for .ARM.Collect$$libinit$$0000000F
    libinit2.o(.ARM.Collect$$libinit$$00000026) refers to argv_veneer.o(.emb_text) for __ARM_argv_veneer
    libinit2.o(.ARM.Collect$$libinit$$00000027) refers to argv_veneer.o(.emb_text) for __ARM_argv_veneer
    rtexit2.o(.ARM.Collect$$rtexit$$00000003) refers to libshutdown.o(.ARM.Collect$$libshutdown$$00000000) for __rt_lib_shutdown
    rtexit2.o(.ARM.Collect$$rtexit$$00000004) refers to sys_exit.o(.text) for _sys_exit
    rtexit2.o(.ARM.exidx) refers to rtexit2.o(.ARM.Collect$$rtexit$$00000001) for .ARM.Collect$$rtexit$$00000001
    rtexit2.o(.ARM.exidx) refers to rtexit2.o(.ARM.Collect$$rtexit$$00000003) for .ARM.Collect$$rtexit$$00000003
    rtexit2.o(.ARM.exidx) refers to rtexit2.o(.ARM.Collect$$rtexit$$00000004) for .ARM.Collect$$rtexit$$00000004
    argv_veneer.o(.emb_text) refers to no_argv.o(.text) for __ARM_get_argv
    sys_exit.o(.text) refers (Special) to use_no_semi.o(.text) for __I$use$semihosting
    sys_exit.o(.text) refers (Special) to indicate_semi.o(.text) for __semihosting_library_function
    _get_argv_nomalloc.o(.text) refers (Special) to hrguard.o(.text) for __heap_region$guard
    _get_argv_nomalloc.o(.text) refers to defsig_rtmem_outer.o(.text) for __rt_SIGRTMEM
    _get_argv_nomalloc.o(.text) refers to sys_command.o(.text) for _sys_command_string
    libshutdown.o(.ARM.Collect$$libshutdown$$00000000) refers (Special) to libshutdown2.o(.ARM.Collect$$libshutdown$$00000006) for __rt_lib_shutdown_fp_trap_1
    libshutdown.o(.ARM.Collect$$libshutdown$$00000000) refers (Special) to libshutdown2.o(.ARM.Collect$$libshutdown$$0000000E) for __rt_lib_shutdown_heap_1
    libshutdown.o(.ARM.Collect$$libshutdown$$00000000) refers (Special) to libshutdown2.o(.ARM.Collect$$libshutdown$$0000000F) for __rt_lib_shutdown_return
    libshutdown.o(.ARM.Collect$$libshutdown$$00000000) refers (Special) to libshutdown2.o(.ARM.Collect$$libshutdown$$00000009) for __rt_lib_shutdown_signal_1
    libshutdown.o(.ARM.Collect$$libshutdown$$00000000) refers (Special) to libshutdown2.o(.ARM.Collect$$libshutdown$$00000003) for __rt_lib_shutdown_stdio_1
    libshutdown.o(.ARM.Collect$$libshutdown$$00000000) refers (Special) to libshutdown2.o(.ARM.Collect$$libshutdown$$0000000B) for __rt_lib_shutdown_user_alloc_1
    sys_command.o(.text) refers (Special) to use_no_semi.o(.text) for __I$use$semihosting
    sys_command.o(.text) refers (Special) to indicate_semi.o(.text) for __semihosting_library_function
    defsig_rtmem_outer.o(.text) refers to defsig_rtmem_inner.o(.text) for __rt_SIGRTMEM_inner
    defsig_rtmem_outer.o(.text) refers to defsig_exit.o(.text) for __sig_exit
    defsig_rtmem_formal.o(.text) refers to rt_raise.o(.text) for __rt_raise
    rt_raise.o(.text) refers to __raise.o(.text) for __raise
    rt_raise.o(.text) refers to sys_exit.o(.text) for _sys_exit
    defsig_exit.o(.text) refers to sys_exit.o(.text) for _sys_exit
    defsig_rtmem_inner.o(.text) refers to defsig_general.o(.text) for __default_signal_display
    __raise.o(.text) refers to defsig.o(CL$$defsig) for __default_signal_handler
    defsig_general.o(.text) refers to sys_wrch.o(.text) for _ttywrch
    sys_wrch.o(.text) refers (Special) to use_no_semi.o(.text) for __I$use$semihosting
    sys_wrch.o(.text) refers (Special) to indicate_semi.o(.text) for __semihosting_library_function
    defsig.o(CL$$defsig) refers to defsig_rtmem_inner.o(.text) for __rt_SIGRTMEM_inner
    defsig_abrt_inner.o(.text) refers to defsig_general.o(.text) for __default_signal_display
    defsig_fpe_inner.o(.text) refers to defsig_general.o(.text) for __default_signal_display
    defsig_rtred_inner.o(.text) refers to defsig_general.o(.text) for __default_signal_display
    defsig_stak_inner.o(.text) refers to defsig_general.o(.text) for __default_signal_display
    defsig_pvfn_inner.o(.text) refers to defsig_general.o(.text) for __default_signal_display
    defsig_cppl_inner.o(.text) refers to defsig_general.o(.text) for __default_signal_display
    defsig_segv_inner.o(.text) refers to defsig_general.o(.text) for __default_signal_display
    defsig_other.o(.text) refers to defsig_general.o(.text) for __default_signal_display


==============================================================================

Removing Unused input sections from the image.

    Removing misc.o(i.NVIC_Init), (112 bytes).
    Removing misc.o(i.NVIC_PriorityGroupConfig), (20 bytes).
    Removing misc.o(i.NVIC_SetVectorTable), (20 bytes).
    Removing misc.o(i.NVIC_SystemLPConfig), (32 bytes).
    Removing misc.o(i.SysTick_CLKSourceConfig), (40 bytes).
    Removing misc.o(.ARM.exidx), (8 bytes).
    Removing misc.o(.ARM.exidx), (8 bytes).
    Removing misc.o(.ARM.exidx), (8 bytes).
    Removing misc.o(.ARM.exidx), (8 bytes).
    Removing misc.o(.ARM.exidx), (8 bytes).
    Removing stm32f10x_dbgmcu.o(i.DBGMCU_Config), (32 bytes).
    Removing stm32f10x_dbgmcu.o(i.DBGMCU_GetDEVID), (16 bytes).
    Removing stm32f10x_dbgmcu.o(i.DBGMCU_GetREVID), (12 bytes).
    Removing stm32f10x_dbgmcu.o(.ARM.exidx), (8 bytes).
    Removing stm32f10x_dbgmcu.o(.ARM.exidx), (8 bytes).
    Removing stm32f10x_dbgmcu.o(.ARM.exidx), (8 bytes).
    Removing stm32f10x_exti.o(i.EXTI_ClearFlag), (12 bytes).
    Removing stm32f10x_exti.o(i.EXTI_ClearITPendingBit), (12 bytes).
    Removing stm32f10x_exti.o(i.EXTI_DeInit), (36 bytes).
    Removing stm32f10x_exti.o(i.EXTI_GenerateSWInterrupt), (16 bytes).
    Removing stm32f10x_exti.o(i.EXTI_GetFlagStatus), (24 bytes).
    Removing stm32f10x_exti.o(i.EXTI_GetITStatus), (40 bytes).
    Removing stm32f10x_exti.o(i.EXTI_Init), (148 bytes).
    Removing stm32f10x_exti.o(i.EXTI_StructInit), (16 bytes).
    Removing stm32f10x_exti.o(.ARM.exidx), (8 bytes).
    Removing stm32f10x_exti.o(.ARM.exidx), (8 bytes).
    Removing stm32f10x_exti.o(.ARM.exidx), (8 bytes).
    Removing stm32f10x_exti.o(.ARM.exidx), (8 bytes).
    Removing stm32f10x_exti.o(.ARM.exidx), (8 bytes).
    Removing stm32f10x_exti.o(.ARM.exidx), (8 bytes).
    Removing stm32f10x_exti.o(.ARM.exidx), (8 bytes).
    Removing stm32f10x_exti.o(.ARM.exidx), (8 bytes).
    Removing stm32f10x_flash.o(i.FLASH_ClearFlag), (12 bytes).
    Removing stm32f10x_flash.o(i.FLASH_EnableWriteProtection), (196 bytes).
    Removing stm32f10x_flash.o(i.FLASH_EraseAllBank1Pages), (72 bytes).
    Removing stm32f10x_flash.o(i.FLASH_EraseAllPages), (72 bytes).
    Removing stm32f10x_flash.o(i.FLASH_EraseOptionBytes), (168 bytes).
    Removing stm32f10x_flash.o(i.FLASH_ErasePage), (76 bytes).
    Removing stm32f10x_flash.o(i.FLASH_GetBank1Status), (52 bytes).
    Removing stm32f10x_flash.o(i.FLASH_GetFlagStatus), (48 bytes).
    Removing stm32f10x_flash.o(i.FLASH_GetPrefetchBufferStatus), (24 bytes).
    Removing stm32f10x_flash.o(i.FLASH_GetReadOutProtectionStatus), (24 bytes).
    Removing stm32f10x_flash.o(i.FLASH_GetStatus), (52 bytes).
    Removing stm32f10x_flash.o(i.FLASH_GetUserOptionByte), (12 bytes).
    Removing stm32f10x_flash.o(i.FLASH_GetWriteProtectionOptionByte), (12 bytes).
    Removing stm32f10x_flash.o(i.FLASH_HalfCycleAccessCmd), (28 bytes).
    Removing stm32f10x_flash.o(i.FLASH_ITConfig), (32 bytes).
    Removing stm32f10x_flash.o(i.FLASH_Lock), (20 bytes).
    Removing stm32f10x_flash.o(i.FLASH_LockBank1), (20 bytes).
    Removing stm32f10x_flash.o(i.FLASH_PrefetchBufferCmd), (28 bytes).
    Removing stm32f10x_flash.o(i.FLASH_ProgramHalfWord), (64 bytes).
    Removing stm32f10x_flash.o(i.FLASH_ProgramOptionByteData), (84 bytes).
    Removing stm32f10x_flash.o(i.FLASH_ProgramWord), (108 bytes).
    Removing stm32f10x_flash.o(i.FLASH_ReadOutProtection), (172 bytes).
    Removing stm32f10x_flash.o(i.FLASH_SetLatency), (24 bytes).
    Removing stm32f10x_flash.o(i.FLASH_Unlock), (24 bytes).
    Removing stm32f10x_flash.o(i.FLASH_UnlockBank1), (24 bytes).
    Removing stm32f10x_flash.o(i.FLASH_UserOptionByteConfig), (104 bytes).
    Removing stm32f10x_flash.o(i.FLASH_WaitForLastBank1Operation), (38 bytes).
    Removing stm32f10x_flash.o(i.FLASH_WaitForLastOperation), (38 bytes).
    Removing stm32f10x_flash.o(.ARM.exidx), (8 bytes).
    Removing stm32f10x_flash.o(.ARM.exidx), (8 bytes).
    Removing stm32f10x_flash.o(.ARM.exidx), (8 bytes).
    Removing stm32f10x_flash.o(.ARM.exidx), (8 bytes).
    Removing stm32f10x_flash.o(.ARM.exidx), (8 bytes).
    Removing stm32f10x_flash.o(.ARM.exidx), (8 bytes).
    Removing stm32f10x_flash.o(.ARM.exidx), (8 bytes).
    Removing stm32f10x_flash.o(.ARM.exidx), (8 bytes).
    Removing stm32f10x_flash.o(.ARM.exidx), (8 bytes).
    Removing stm32f10x_flash.o(.ARM.exidx), (8 bytes).
    Removing stm32f10x_flash.o(.ARM.exidx), (8 bytes).
    Removing stm32f10x_flash.o(.ARM.exidx), (8 bytes).
    Removing stm32f10x_flash.o(.ARM.exidx), (8 bytes).
    Removing stm32f10x_flash.o(.ARM.exidx), (8 bytes).
    Removing stm32f10x_flash.o(.ARM.exidx), (8 bytes).
    Removing stm32f10x_flash.o(.ARM.exidx), (8 bytes).
    Removing stm32f10x_flash.o(.ARM.exidx), (8 bytes).
    Removing stm32f10x_flash.o(.ARM.exidx), (8 bytes).
    Removing stm32f10x_flash.o(.ARM.exidx), (8 bytes).
    Removing stm32f10x_flash.o(.ARM.exidx), (8 bytes).
    Removing stm32f10x_flash.o(.ARM.exidx), (8 bytes).
    Removing stm32f10x_flash.o(.ARM.exidx), (8 bytes).
    Removing stm32f10x_flash.o(.ARM.exidx), (8 bytes).
    Removing stm32f10x_flash.o(.ARM.exidx), (8 bytes).
    Removing stm32f10x_flash.o(.ARM.exidx), (8 bytes).
    Removing stm32f10x_flash.o(.ARM.exidx), (8 bytes).
    Removing stm32f10x_flash.o(.ARM.exidx), (8 bytes).
    Removing stm32f10x_flash.o(.ARM.exidx), (8 bytes).
    Removing stm32f10x_gpio.o(i.GPIO_AFIODeInit), (20 bytes).
    Removing stm32f10x_gpio.o(i.GPIO_DeInit), (200 bytes).
    Removing stm32f10x_gpio.o(i.GPIO_ETH_MediaInterfaceConfig), (12 bytes).
    Removing stm32f10x_gpio.o(i.GPIO_EXTILineConfig), (64 bytes).
    Removing stm32f10x_gpio.o(i.GPIO_EventOutputCmd), (12 bytes).
    Removing stm32f10x_gpio.o(i.GPIO_EventOutputConfig), (32 bytes).
    Removing stm32f10x_gpio.o(i.GPIO_PinLockConfig), (18 bytes).
    Removing stm32f10x_gpio.o(i.GPIO_PinRemapConfig), (144 bytes).
    Removing stm32f10x_gpio.o(i.GPIO_ReadInputData), (8 bytes).
    Removing stm32f10x_gpio.o(i.GPIO_ReadInputDataBit), (18 bytes).
    Removing stm32f10x_gpio.o(i.GPIO_ReadOutputData), (8 bytes).
    Removing stm32f10x_gpio.o(i.GPIO_ReadOutputDataBit), (18 bytes).
    Removing stm32f10x_gpio.o(i.GPIO_ResetBits), (4 bytes).
    Removing stm32f10x_gpio.o(i.GPIO_SetBits), (4 bytes).
    Removing stm32f10x_gpio.o(i.GPIO_StructInit), (16 bytes).
    Removing stm32f10x_gpio.o(i.GPIO_Write), (4 bytes).
    Removing stm32f10x_gpio.o(i.GPIO_WriteBit), (10 bytes).
    Removing stm32f10x_gpio.o(.ARM.exidx), (8 bytes).
    Removing stm32f10x_gpio.o(.ARM.exidx), (8 bytes).
    Removing stm32f10x_gpio.o(.ARM.exidx), (8 bytes).
    Removing stm32f10x_gpio.o(.ARM.exidx), (8 bytes).
    Removing stm32f10x_gpio.o(.ARM.exidx), (8 bytes).
    Removing stm32f10x_gpio.o(.ARM.exidx), (8 bytes).
    Removing stm32f10x_gpio.o(.ARM.exidx), (8 bytes).
    Removing stm32f10x_gpio.o(.ARM.exidx), (8 bytes).
    Removing stm32f10x_gpio.o(.ARM.exidx), (8 bytes).
    Removing stm32f10x_gpio.o(.ARM.exidx), (8 bytes).
    Removing stm32f10x_gpio.o(.ARM.exidx), (8 bytes).
    Removing stm32f10x_gpio.o(.ARM.exidx), (8 bytes).
    Removing stm32f10x_gpio.o(.ARM.exidx), (8 bytes).
    Removing stm32f10x_gpio.o(.ARM.exidx), (8 bytes).
    Removing stm32f10x_gpio.o(.ARM.exidx), (8 bytes).
    Removing stm32f10x_gpio.o(.ARM.exidx), (8 bytes).
    Removing stm32f10x_gpio.o(.ARM.exidx), (8 bytes).
    Removing stm32f10x_gpio.o(.ARM.exidx), (8 bytes).
    Removing stm32f10x_pwr.o(i.PWR_BackupAccessCmd), (12 bytes).
    Removing stm32f10x_pwr.o(i.PWR_ClearFlag), (20 bytes).
    Removing stm32f10x_pwr.o(i.PWR_DeInit), (22 bytes).
    Removing stm32f10x_pwr.o(i.PWR_EnterSTANDBYMode), (52 bytes).
    Removing stm32f10x_pwr.o(i.PWR_EnterSTOPMode), (64 bytes).
    Removing stm32f10x_pwr.o(i.PWR_GetFlagStatus), (24 bytes).
    Removing stm32f10x_pwr.o(i.PWR_PVDCmd), (12 bytes).
    Removing stm32f10x_pwr.o(i.PWR_PVDLevelConfig), (24 bytes).
    Removing stm32f10x_pwr.o(i.PWR_WakeUpPinCmd), (12 bytes).
    Removing stm32f10x_pwr.o(.ARM.exidx), (8 bytes).
    Removing stm32f10x_pwr.o(.ARM.exidx), (8 bytes).
    Removing stm32f10x_pwr.o(.ARM.exidx), (8 bytes).
    Removing stm32f10x_pwr.o(.ARM.exidx), (8 bytes).
    Removing stm32f10x_pwr.o(.ARM.exidx), (8 bytes).
    Removing stm32f10x_pwr.o(.ARM.exidx), (8 bytes).
    Removing stm32f10x_pwr.o(.ARM.exidx), (8 bytes).
    Removing stm32f10x_pwr.o(.ARM.exidx), (8 bytes).
    Removing stm32f10x_pwr.o(.ARM.exidx), (8 bytes).
    Removing stm32f10x_rcc.o(i.RCC_ADCCLKConfig), (24 bytes).
    Removing stm32f10x_rcc.o(i.RCC_AHBPeriphClockCmd), (32 bytes).
    Removing stm32f10x_rcc.o(i.RCC_APB1PeriphClockCmd), (32 bytes).
    Removing stm32f10x_rcc.o(i.RCC_APB1PeriphResetCmd), (32 bytes).
    Removing stm32f10x_rcc.o(i.RCC_APB2PeriphClockCmd), (32 bytes).
    Removing stm32f10x_rcc.o(i.RCC_APB2PeriphResetCmd), (32 bytes).
    Removing stm32f10x_rcc.o(i.RCC_AdjustHSICalibrationValue), (24 bytes).
    Removing stm32f10x_rcc.o(i.RCC_BackupResetCmd), (12 bytes).
    Removing stm32f10x_rcc.o(i.RCC_ClearFlag), (20 bytes).
    Removing stm32f10x_rcc.o(i.RCC_ClearITPendingBit), (12 bytes).
    Removing stm32f10x_rcc.o(i.RCC_ClockSecuritySystemCmd), (12 bytes).
    Removing stm32f10x_rcc.o(i.RCC_DeInit), (76 bytes).
    Removing stm32f10x_rcc.o(i.RCC_GetClocksFreq), (212 bytes).
    Removing stm32f10x_rcc.o(i.RCC_GetFlagStatus), (60 bytes).
    Removing stm32f10x_rcc.o(i.RCC_GetITStatus), (24 bytes).
    Removing stm32f10x_rcc.o(i.RCC_GetSYSCLKSource), (16 bytes).
    Removing stm32f10x_rcc.o(i.RCC_HCLKConfig), (24 bytes).
    Removing stm32f10x_rcc.o(i.RCC_HSEConfig), (76 bytes).
    Removing stm32f10x_rcc.o(i.RCC_HSICmd), (12 bytes).
    Removing stm32f10x_rcc.o(i.RCC_ITConfig), (32 bytes).
    Removing stm32f10x_rcc.o(i.RCC_LSEConfig), (52 bytes).
    Removing stm32f10x_rcc.o(i.RCC_LSICmd), (12 bytes).
    Removing stm32f10x_rcc.o(i.RCC_MCOConfig), (12 bytes).
    Removing stm32f10x_rcc.o(i.RCC_PCLK1Config), (24 bytes).
    Removing stm32f10x_rcc.o(i.RCC_PCLK2Config), (24 bytes).
    Removing stm32f10x_rcc.o(i.RCC_PLLCmd), (12 bytes).
    Removing stm32f10x_rcc.o(i.RCC_PLLConfig), (28 bytes).
    Removing stm32f10x_rcc.o(i.RCC_RTCCLKCmd), (12 bytes).
    Removing stm32f10x_rcc.o(i.RCC_RTCCLKConfig), (16 bytes).
    Removing stm32f10x_rcc.o(i.RCC_SYSCLKConfig), (24 bytes).
    Removing stm32f10x_rcc.o(i.RCC_USBCLKConfig), (12 bytes).
    Removing stm32f10x_rcc.o(i.RCC_WaitForHSEStartUp), (56 bytes).
    Removing stm32f10x_rcc.o(.ARM.exidx), (8 bytes).
    Removing stm32f10x_rcc.o(.ARM.exidx), (8 bytes).
    Removing stm32f10x_rcc.o(.ARM.exidx), (8 bytes).
    Removing stm32f10x_rcc.o(.ARM.exidx), (8 bytes).
    Removing stm32f10x_rcc.o(.ARM.exidx), (8 bytes).
    Removing stm32f10x_rcc.o(.ARM.exidx), (8 bytes).
    Removing stm32f10x_rcc.o(.ARM.exidx), (8 bytes).
    Removing stm32f10x_rcc.o(.ARM.exidx), (8 bytes).
    Removing stm32f10x_rcc.o(.ARM.exidx), (8 bytes).
    Removing stm32f10x_rcc.o(.ARM.exidx), (8 bytes).
    Removing stm32f10x_rcc.o(.ARM.exidx), (8 bytes).
    Removing stm32f10x_rcc.o(.ARM.exidx), (8 bytes).
    Removing stm32f10x_rcc.o(.ARM.exidx), (8 bytes).
    Removing stm32f10x_rcc.o(.ARM.exidx), (8 bytes).
    Removing stm32f10x_rcc.o(.ARM.exidx), (8 bytes).
    Removing stm32f10x_rcc.o(.ARM.exidx), (8 bytes).
    Removing stm32f10x_rcc.o(.ARM.exidx), (8 bytes).
    Removing stm32f10x_rcc.o(.ARM.exidx), (8 bytes).
    Removing stm32f10x_rcc.o(.ARM.exidx), (8 bytes).
    Removing stm32f10x_rcc.o(.ARM.exidx), (8 bytes).
    Removing stm32f10x_rcc.o(.ARM.exidx), (8 bytes).
    Removing stm32f10x_rcc.o(.ARM.exidx), (8 bytes).
    Removing stm32f10x_rcc.o(.ARM.exidx), (8 bytes).
    Removing stm32f10x_rcc.o(.ARM.exidx), (8 bytes).
    Removing stm32f10x_rcc.o(.ARM.exidx), (8 bytes).
    Removing stm32f10x_rcc.o(.ARM.exidx), (8 bytes).
    Removing stm32f10x_rcc.o(.ARM.exidx), (8 bytes).
    Removing stm32f10x_rcc.o(.ARM.exidx), (8 bytes).
    Removing stm32f10x_rcc.o(.ARM.exidx), (8 bytes).
    Removing stm32f10x_rcc.o(.ARM.exidx), (8 bytes).
    Removing stm32f10x_rcc.o(.ARM.exidx), (8 bytes).
    Removing stm32f10x_rcc.o(.ARM.exidx), (8 bytes).
    Removing stm32f10x_rcc.o(.data), (20 bytes).
    Removing stm32f10x_tim.o(i.TIM_ARRPreloadConfig), (24 bytes).
    Removing stm32f10x_tim.o(i.TIM_BDTRConfig), (32 bytes).
    Removing stm32f10x_tim.o(i.TIM_BDTRStructInit), (18 bytes).
    Removing stm32f10x_tim.o(i.TIM_CCPreloadControl), (24 bytes).
    Removing stm32f10x_tim.o(i.TIM_CCxCmd), (30 bytes).
    Removing stm32f10x_tim.o(i.TIM_CCxNCmd), (30 bytes).
    Removing stm32f10x_tim.o(i.TIM_ClearFlag), (6 bytes).
    Removing stm32f10x_tim.o(i.TIM_ClearITPendingBit), (6 bytes).
    Removing stm32f10x_tim.o(i.TIM_ClearOC1Ref), (18 bytes).
    Removing stm32f10x_tim.o(i.TIM_ClearOC2Ref), (24 bytes).
    Removing stm32f10x_tim.o(i.TIM_ClearOC3Ref), (18 bytes).
    Removing stm32f10x_tim.o(i.TIM_ClearOC4Ref), (24 bytes).
    Removing stm32f10x_tim.o(i.TIM_Cmd), (24 bytes).
    Removing stm32f10x_tim.o(i.TIM_CounterModeConfig), (18 bytes).
    Removing stm32f10x_tim.o(i.TIM_CtrlPWMOutputs), (30 bytes).
    Removing stm32f10x_tim.o(i.TIM_DMACmd), (18 bytes).
    Removing stm32f10x_tim.o(i.TIM_DMAConfig), (10 bytes).
    Removing stm32f10x_tim.o(i.TIM_DeInit), (488 bytes).
    Removing stm32f10x_tim.o(i.TIM_ETRClockMode1Config), (54 bytes).
    Removing stm32f10x_tim.o(i.TIM_ETRClockMode2Config), (32 bytes).
    Removing stm32f10x_tim.o(i.TIM_ETRConfig), (28 bytes).
    Removing stm32f10x_tim.o(i.TIM_EncoderInterfaceConfig), (66 bytes).
    Removing stm32f10x_tim.o(i.TIM_ForcedOC1Config), (18 bytes).
    Removing stm32f10x_tim.o(i.TIM_ForcedOC2Config), (26 bytes).
    Removing stm32f10x_tim.o(i.TIM_ForcedOC3Config), (18 bytes).
    Removing stm32f10x_tim.o(i.TIM_ForcedOC4Config), (26 bytes).
    Removing stm32f10x_tim.o(i.TIM_GenerateEvent), (4 bytes).
    Removing stm32f10x_tim.o(i.TIM_GetCapture1), (6 bytes).
    Removing stm32f10x_tim.o(i.TIM_GetCapture2), (6 bytes).
    Removing stm32f10x_tim.o(i.TIM_GetCapture3), (6 bytes).
    Removing stm32f10x_tim.o(i.TIM_GetCapture4), (8 bytes).
    Removing stm32f10x_tim.o(i.TIM_GetCounter), (6 bytes).
    Removing stm32f10x_tim.o(i.TIM_GetFlagStatus), (18 bytes).
    Removing stm32f10x_tim.o(i.TIM_GetITStatus), (34 bytes).
    Removing stm32f10x_tim.o(i.TIM_GetPrescaler), (6 bytes).
    Removing stm32f10x_tim.o(i.TIM_ICInit), (172 bytes).
    Removing stm32f10x_tim.o(i.TIM_ICStructInit), (18 bytes).
    Removing stm32f10x_tim.o(i.TIM_ITConfig), (18 bytes).
    Removing stm32f10x_tim.o(i.TIM_ITRxExternalClockConfig), (24 bytes).
    Removing stm32f10x_tim.o(i.TIM_InternalClockConfig), (12 bytes).
    Removing stm32f10x_tim.o(i.TIM_OC1FastConfig), (18 bytes).
    Removing stm32f10x_tim.o(i.TIM_OC1Init), (152 bytes).
    Removing stm32f10x_tim.o(i.TIM_OC1NPolarityConfig), (18 bytes).
    Removing stm32f10x_tim.o(i.TIM_OC1PolarityConfig), (18 bytes).
    Removing stm32f10x_tim.o(i.TIM_OC1PreloadConfig), (18 bytes).
    Removing stm32f10x_tim.o(i.TIM_OC2FastConfig), (26 bytes).
    Removing stm32f10x_tim.o(i.TIM_OC2Init), (164 bytes).
    Removing stm32f10x_tim.o(i.TIM_OC2NPolarityConfig), (26 bytes).
    Removing stm32f10x_tim.o(i.TIM_OC2PolarityConfig), (26 bytes).
    Removing stm32f10x_tim.o(i.TIM_OC2PreloadConfig), (26 bytes).
    Removing stm32f10x_tim.o(i.TIM_OC3FastConfig), (18 bytes).
    Removing stm32f10x_tim.o(i.TIM_OC3Init), (160 bytes).
    Removing stm32f10x_tim.o(i.TIM_OC3NPolarityConfig), (26 bytes).
    Removing stm32f10x_tim.o(i.TIM_OC3PolarityConfig), (26 bytes).
    Removing stm32f10x_tim.o(i.TIM_OC3PreloadConfig), (18 bytes).
    Removing stm32f10x_tim.o(i.TIM_OC4FastConfig), (26 bytes).
    Removing stm32f10x_tim.o(i.TIM_OC4Init), (124 bytes).
    Removing stm32f10x_tim.o(i.TIM_OC4PolarityConfig), (26 bytes).
    Removing stm32f10x_tim.o(i.TIM_OC4PreloadConfig), (26 bytes).
    Removing stm32f10x_tim.o(i.TIM_OCStructInit), (20 bytes).
    Removing stm32f10x_tim.o(i.TIM_PWMIConfig), (124 bytes).
    Removing stm32f10x_tim.o(i.TIM_PrescalerConfig), (6 bytes).
    Removing stm32f10x_tim.o(i.TIM_SelectCCDMA), (24 bytes).
    Removing stm32f10x_tim.o(i.TIM_SelectCOM), (24 bytes).
    Removing stm32f10x_tim.o(i.TIM_SelectHallSensor), (24 bytes).
    Removing stm32f10x_tim.o(i.TIM_SelectInputTrigger), (18 bytes).
    Removing stm32f10x_tim.o(i.TIM_SelectMasterSlaveMode), (18 bytes).
    Removing stm32f10x_tim.o(i.TIM_SelectOCxM), (82 bytes).
    Removing stm32f10x_tim.o(i.TIM_SelectOnePulseMode), (18 bytes).
    Removing stm32f10x_tim.o(i.TIM_SelectOutputTrigger), (18 bytes).
    Removing stm32f10x_tim.o(i.TIM_SelectSlaveMode), (18 bytes).
    Removing stm32f10x_tim.o(i.TIM_SetAutoreload), (4 bytes).
    Removing stm32f10x_tim.o(i.TIM_SetClockDivision), (18 bytes).
    Removing stm32f10x_tim.o(i.TIM_SetCompare1), (4 bytes).
    Removing stm32f10x_tim.o(i.TIM_SetCompare2), (4 bytes).
    Removing stm32f10x_tim.o(i.TIM_SetCompare3), (4 bytes).
    Removing stm32f10x_tim.o(i.TIM_SetCompare4), (6 bytes).
    Removing stm32f10x_tim.o(i.TIM_SetCounter), (4 bytes).
    Removing stm32f10x_tim.o(i.TIM_SetIC1Prescaler), (18 bytes).
    Removing stm32f10x_tim.o(i.TIM_SetIC2Prescaler), (26 bytes).
    Removing stm32f10x_tim.o(i.TIM_SetIC3Prescaler), (18 bytes).
    Removing stm32f10x_tim.o(i.TIM_SetIC4Prescaler), (26 bytes).
    Removing stm32f10x_tim.o(i.TIM_TIxExternalClockConfig), (62 bytes).
    Removing stm32f10x_tim.o(i.TIM_TimeBaseInit), (164 bytes).
    Removing stm32f10x_tim.o(i.TIM_TimeBaseStructInit), (18 bytes).
    Removing stm32f10x_tim.o(i.TIM_UpdateDisableConfig), (24 bytes).
    Removing stm32f10x_tim.o(i.TIM_UpdateRequestConfig), (24 bytes).
    Removing stm32f10x_tim.o(i._ZN37_INTERNAL_15_stm32f10x_tim_c_c458916b10TI1_ConfigEP11TIM_TypeDefttt), (128 bytes).
    Removing stm32f10x_tim.o(i._ZN37_INTERNAL_15_stm32f10x_tim_c_c458916b10TI2_ConfigEP11TIM_TypeDefttt), (152 bytes).
    Removing stm32f10x_tim.o(i._ZN37_INTERNAL_15_stm32f10x_tim_c_c458916b10TI3_ConfigEP11TIM_TypeDefttt), (144 bytes).
    Removing stm32f10x_tim.o(i._ZN37_INTERNAL_15_stm32f10x_tim_c_c458916b10TI4_ConfigEP11TIM_TypeDefttt), (152 bytes).
    Removing stm32f10x_tim.o(.ARM.exidx), (8 bytes).
    Removing stm32f10x_tim.o(.ARM.exidx), (8 bytes).
    Removing stm32f10x_tim.o(.ARM.exidx), (8 bytes).
    Removing stm32f10x_tim.o(.ARM.exidx), (8 bytes).
    Removing stm32f10x_tim.o(.ARM.exidx), (8 bytes).
    Removing stm32f10x_tim.o(.ARM.exidx), (8 bytes).
    Removing stm32f10x_tim.o(.ARM.exidx), (8 bytes).
    Removing stm32f10x_tim.o(.ARM.exidx), (8 bytes).
    Removing stm32f10x_tim.o(.ARM.exidx), (8 bytes).
    Removing stm32f10x_tim.o(.ARM.exidx), (8 bytes).
    Removing stm32f10x_tim.o(.ARM.exidx), (8 bytes).
    Removing stm32f10x_tim.o(.ARM.exidx), (8 bytes).
    Removing stm32f10x_tim.o(.ARM.exidx), (8 bytes).
    Removing stm32f10x_tim.o(.ARM.exidx), (8 bytes).
    Removing stm32f10x_tim.o(.ARM.exidx), (8 bytes).
    Removing stm32f10x_tim.o(.ARM.exidx), (8 bytes).
    Removing stm32f10x_tim.o(.ARM.exidx), (8 bytes).
    Removing stm32f10x_tim.o(.ARM.exidx), (8 bytes).
    Removing stm32f10x_tim.o(.ARM.exidx), (8 bytes).
    Removing stm32f10x_tim.o(.ARM.exidx), (8 bytes).
    Removing stm32f10x_tim.o(.ARM.exidx), (8 bytes).
    Removing stm32f10x_tim.o(.ARM.exidx), (8 bytes).
    Removing stm32f10x_tim.o(.ARM.exidx), (8 bytes).
    Removing stm32f10x_tim.o(.ARM.exidx), (8 bytes).
    Removing stm32f10x_tim.o(.ARM.exidx), (8 bytes).
    Removing stm32f10x_tim.o(.ARM.exidx), (8 bytes).
    Removing stm32f10x_tim.o(.ARM.exidx), (8 bytes).
    Removing stm32f10x_tim.o(.ARM.exidx), (8 bytes).
    Removing stm32f10x_tim.o(.ARM.exidx), (8 bytes).
    Removing stm32f10x_tim.o(.ARM.exidx), (8 bytes).
    Removing stm32f10x_tim.o(.ARM.exidx), (8 bytes).
    Removing stm32f10x_tim.o(.ARM.exidx), (8 bytes).
    Removing stm32f10x_tim.o(.ARM.exidx), (8 bytes).
    Removing stm32f10x_tim.o(.ARM.exidx), (8 bytes).
    Removing stm32f10x_tim.o(.ARM.exidx), (8 bytes).
    Removing stm32f10x_tim.o(.ARM.exidx), (8 bytes).
    Removing stm32f10x_tim.o(.ARM.exidx), (8 bytes).
    Removing stm32f10x_tim.o(.ARM.exidx), (8 bytes).
    Removing stm32f10x_tim.o(.ARM.exidx), (8 bytes).
    Removing stm32f10x_tim.o(.ARM.exidx), (8 bytes).
    Removing stm32f10x_tim.o(.ARM.exidx), (8 bytes).
    Removing stm32f10x_tim.o(.ARM.exidx), (8 bytes).
    Removing stm32f10x_tim.o(.ARM.exidx), (8 bytes).
    Removing stm32f10x_tim.o(.ARM.exidx), (8 bytes).
    Removing stm32f10x_tim.o(.ARM.exidx), (8 bytes).
    Removing stm32f10x_tim.o(.ARM.exidx), (8 bytes).
    Removing stm32f10x_tim.o(.ARM.exidx), (8 bytes).
    Removing stm32f10x_tim.o(.ARM.exidx), (8 bytes).
    Removing stm32f10x_tim.o(.ARM.exidx), (8 bytes).
    Removing stm32f10x_tim.o(.ARM.exidx), (8 bytes).
    Removing stm32f10x_tim.o(.ARM.exidx), (8 bytes).
    Removing stm32f10x_tim.o(.ARM.exidx), (8 bytes).
    Removing stm32f10x_tim.o(.ARM.exidx), (8 bytes).
    Removing stm32f10x_tim.o(.ARM.exidx), (8 bytes).
    Removing stm32f10x_tim.o(.ARM.exidx), (8 bytes).
    Removing stm32f10x_tim.o(.ARM.exidx), (8 bytes).
    Removing stm32f10x_tim.o(.ARM.exidx), (8 bytes).
    Removing stm32f10x_tim.o(.ARM.exidx), (8 bytes).
    Removing stm32f10x_tim.o(.ARM.exidx), (8 bytes).
    Removing stm32f10x_tim.o(.ARM.exidx), (8 bytes).
    Removing stm32f10x_tim.o(.ARM.exidx), (8 bytes).
    Removing stm32f10x_tim.o(.ARM.exidx), (8 bytes).
    Removing stm32f10x_tim.o(.ARM.exidx), (8 bytes).
    Removing stm32f10x_tim.o(.ARM.exidx), (8 bytes).
    Removing stm32f10x_tim.o(.ARM.exidx), (8 bytes).
    Removing stm32f10x_tim.o(.ARM.exidx), (8 bytes).
    Removing stm32f10x_tim.o(.ARM.exidx), (8 bytes).
    Removing stm32f10x_tim.o(.ARM.exidx), (8 bytes).
    Removing stm32f10x_tim.o(.ARM.exidx), (8 bytes).
    Removing stm32f10x_tim.o(.ARM.exidx), (8 bytes).
    Removing stm32f10x_tim.o(.ARM.exidx), (8 bytes).
    Removing stm32f10x_tim.o(.ARM.exidx), (8 bytes).
    Removing stm32f10x_tim.o(.ARM.exidx), (8 bytes).
    Removing stm32f10x_tim.o(.ARM.exidx), (8 bytes).
    Removing stm32f10x_tim.o(.ARM.exidx), (8 bytes).
    Removing stm32f10x_tim.o(.ARM.exidx), (8 bytes).
    Removing stm32f10x_tim.o(.ARM.exidx), (8 bytes).
    Removing stm32f10x_tim.o(.ARM.exidx), (8 bytes).
    Removing stm32f10x_tim.o(.ARM.exidx), (8 bytes).
    Removing stm32f10x_tim.o(.ARM.exidx), (8 bytes).
    Removing stm32f10x_tim.o(.ARM.exidx), (8 bytes).
    Removing stm32f10x_tim.o(.ARM.exidx), (8 bytes).
    Removing stm32f10x_tim.o(.ARM.exidx), (8 bytes).
    Removing stm32f10x_tim.o(.ARM.exidx), (8 bytes).
    Removing stm32f10x_tim.o(.ARM.exidx), (8 bytes).
    Removing stm32f10x_tim.o(.ARM.exidx), (8 bytes).
    Removing stm32f10x_tim.o(.ARM.exidx), (8 bytes).
    Removing stm32f10x_tim.o(.ARM.exidx), (8 bytes).
    Removing stm32f10x_tim.o(.ARM.exidx), (8 bytes).
    Removing stm32f10x_tim.o(.ARM.exidx), (8 bytes).
    Removing stm32f10x_tim.o(.ARM.exidx), (8 bytes).
    Removing stm32f10x_dma.o(i.DMA_ClearFlag), (28 bytes).
    Removing stm32f10x_dma.o(i.DMA_ClearITPendingBit), (28 bytes).
    Removing stm32f10x_dma.o(i.DMA_Cmd), (24 bytes).
    Removing stm32f10x_dma.o(i.DMA_DeInit), (332 bytes).
    Removing stm32f10x_dma.o(i.DMA_GetCurrDataCounter), (8 bytes).
    Removing stm32f10x_dma.o(i.DMA_GetFlagStatus), (44 bytes).
    Removing stm32f10x_dma.o(i.DMA_GetITStatus), (44 bytes).
    Removing stm32f10x_dma.o(i.DMA_ITConfig), (18 bytes).
    Removing stm32f10x_dma.o(i.DMA_Init), (60 bytes).
    Removing stm32f10x_dma.o(i.DMA_SetCurrDataCounter), (4 bytes).
    Removing stm32f10x_dma.o(i.DMA_StructInit), (26 bytes).
    Removing stm32f10x_dma.o(.ARM.exidx), (8 bytes).
    Removing stm32f10x_dma.o(.ARM.exidx), (8 bytes).
    Removing stm32f10x_dma.o(.ARM.exidx), (8 bytes).
    Removing stm32f10x_dma.o(.ARM.exidx), (8 bytes).
    Removing stm32f10x_dma.o(.ARM.exidx), (8 bytes).
    Removing stm32f10x_dma.o(.ARM.exidx), (8 bytes).
    Removing stm32f10x_dma.o(.ARM.exidx), (8 bytes).
    Removing stm32f10x_dma.o(.ARM.exidx), (8 bytes).
    Removing stm32f10x_dma.o(.ARM.exidx), (8 bytes).
    Removing stm32f10x_dma.o(.ARM.exidx), (8 bytes).
    Removing stm32f10x_dma.o(.ARM.exidx), (8 bytes).
    Removing stm32f10x_i2c.o(i.I2C_ARPCmd), (24 bytes).
    Removing stm32f10x_i2c.o(i.I2C_AcknowledgeConfig), (24 bytes).
    Removing stm32f10x_i2c.o(i.I2C_CalculatePEC), (24 bytes).
    Removing stm32f10x_i2c.o(i.I2C_CheckEvent), (42 bytes).
    Removing stm32f10x_i2c.o(i.I2C_ClearFlag), (12 bytes).
    Removing stm32f10x_i2c.o(i.I2C_ClearITPendingBit), (12 bytes).
    Removing stm32f10x_i2c.o(i.I2C_Cmd), (24 bytes).
    Removing stm32f10x_i2c.o(i.I2C_DMACmd), (24 bytes).
    Removing stm32f10x_i2c.o(i.I2C_DMALastTransferCmd), (24 bytes).
    Removing stm32f10x_i2c.o(i.I2C_DeInit), (56 bytes).
    Removing stm32f10x_i2c.o(i.I2C_DualAddressCmd), (24 bytes).
    Removing stm32f10x_i2c.o(i.I2C_FastModeDutyCycleConfig), (28 bytes).
    Removing stm32f10x_i2c.o(i.I2C_GeneralCallCmd), (24 bytes).
    Removing stm32f10x_i2c.o(i.I2C_GenerateSTART), (24 bytes).
    Removing stm32f10x_i2c.o(i.I2C_GenerateSTOP), (24 bytes).
    Removing stm32f10x_i2c.o(i.I2C_GetFlagStatus), (58 bytes).
    Removing stm32f10x_i2c.o(i.I2C_GetITStatus), (38 bytes).
    Removing stm32f10x_i2c.o(i.I2C_GetLastEvent), (26 bytes).
    Removing stm32f10x_i2c.o(i.I2C_GetPEC), (8 bytes).
    Removing stm32f10x_i2c.o(i.I2C_ITConfig), (18 bytes).
    Removing stm32f10x_i2c.o(i.I2C_Init), (236 bytes).
    Removing stm32f10x_i2c.o(i.I2C_NACKPositionConfig), (28 bytes).
    Removing stm32f10x_i2c.o(i.I2C_OwnAddress2Config), (22 bytes).
    Removing stm32f10x_i2c.o(i.I2C_PECPositionConfig), (28 bytes).
    Removing stm32f10x_i2c.o(i.I2C_ReadRegister), (22 bytes).
    Removing stm32f10x_i2c.o(i.I2C_ReceiveData), (8 bytes).
    Removing stm32f10x_i2c.o(i.I2C_SMBusAlertConfig), (28 bytes).
    Removing stm32f10x_i2c.o(i.I2C_Send7bitAddress), (18 bytes).
    Removing stm32f10x_i2c.o(i.I2C_SendData), (4 bytes).
    Removing stm32f10x_i2c.o(i.I2C_SoftwareResetCmd), (22 bytes).
    Removing stm32f10x_i2c.o(i.I2C_StretchClockCmd), (24 bytes).
    Removing stm32f10x_i2c.o(i.I2C_StructInit), (30 bytes).
    Removing stm32f10x_i2c.o(i.I2C_TransmitPEC), (24 bytes).
    Removing stm32f10x_i2c.o(.ARM.exidx), (8 bytes).
    Removing stm32f10x_i2c.o(.ARM.exidx), (8 bytes).
    Removing stm32f10x_i2c.o(.ARM.exidx), (8 bytes).
    Removing stm32f10x_i2c.o(.ARM.exidx), (8 bytes).
    Removing stm32f10x_i2c.o(.ARM.exidx), (8 bytes).
    Removing stm32f10x_i2c.o(.ARM.exidx), (8 bytes).
    Removing stm32f10x_i2c.o(.ARM.exidx), (8 bytes).
    Removing stm32f10x_i2c.o(.ARM.exidx), (8 bytes).
    Removing stm32f10x_i2c.o(.ARM.exidx), (8 bytes).
    Removing stm32f10x_i2c.o(.ARM.exidx), (8 bytes).
    Removing stm32f10x_i2c.o(.ARM.exidx), (8 bytes).
    Removing stm32f10x_i2c.o(.ARM.exidx), (8 bytes).
    Removing stm32f10x_i2c.o(.ARM.exidx), (8 bytes).
    Removing stm32f10x_i2c.o(.ARM.exidx), (8 bytes).
    Removing stm32f10x_i2c.o(.ARM.exidx), (8 bytes).
    Removing stm32f10x_i2c.o(.ARM.exidx), (8 bytes).
    Removing stm32f10x_i2c.o(.ARM.exidx), (8 bytes).
    Removing stm32f10x_i2c.o(.ARM.exidx), (8 bytes).
    Removing stm32f10x_i2c.o(.ARM.exidx), (8 bytes).
    Removing stm32f10x_i2c.o(.ARM.exidx), (8 bytes).
    Removing stm32f10x_i2c.o(.ARM.exidx), (8 bytes).
    Removing stm32f10x_i2c.o(.ARM.exidx), (8 bytes).
    Removing stm32f10x_i2c.o(.ARM.exidx), (8 bytes).
    Removing stm32f10x_i2c.o(.ARM.exidx), (8 bytes).
    Removing stm32f10x_i2c.o(.ARM.exidx), (8 bytes).
    Removing stm32f10x_i2c.o(.ARM.exidx), (8 bytes).
    Removing stm32f10x_i2c.o(.ARM.exidx), (8 bytes).
    Removing stm32f10x_i2c.o(.ARM.exidx), (8 bytes).
    Removing stm32f10x_i2c.o(.ARM.exidx), (8 bytes).
    Removing stm32f10x_i2c.o(.ARM.exidx), (8 bytes).
    Removing stm32f10x_i2c.o(.ARM.exidx), (8 bytes).
    Removing stm32f10x_i2c.o(.ARM.exidx), (8 bytes).
    Removing stm32f10x_i2c.o(.ARM.exidx), (8 bytes).
    Removing stm32f10x_usart.o(i.USART_ClearFlag), (18 bytes).
    Removing stm32f10x_usart.o(i.USART_ClearITPendingBit), (30 bytes).
    Removing stm32f10x_usart.o(i.USART_ClockInit), (34 bytes).
    Removing stm32f10x_usart.o(i.USART_ClockStructInit), (12 bytes).
    Removing stm32f10x_usart.o(i.USART_Cmd), (24 bytes).
    Removing stm32f10x_usart.o(i.USART_DMACmd), (18 bytes).
    Removing stm32f10x_usart.o(i.USART_DeInit), (156 bytes).
    Removing stm32f10x_usart.o(i.USART_GetFlagStatus), (26 bytes).
    Removing stm32f10x_usart.o(i.USART_GetITStatus), (84 bytes).
    Removing stm32f10x_usart.o(i.USART_HalfDuplexCmd), (24 bytes).
    Removing stm32f10x_usart.o(i.USART_ITConfig), (74 bytes).
    Removing stm32f10x_usart.o(i.USART_Init), (216 bytes).
    Removing stm32f10x_usart.o(i.USART_IrDACmd), (24 bytes).
    Removing stm32f10x_usart.o(i.USART_IrDAConfig), (18 bytes).
    Removing stm32f10x_usart.o(i.USART_LINBreakDetectLengthConfig), (18 bytes).
    Removing stm32f10x_usart.o(i.USART_LINCmd), (24 bytes).
    Removing stm32f10x_usart.o(i.USART_OneBitMethodCmd), (24 bytes).
    Removing stm32f10x_usart.o(i.USART_OverSampling8Cmd), (22 bytes).
    Removing stm32f10x_usart.o(i.USART_ReceiveData), (10 bytes).
    Removing stm32f10x_usart.o(i.USART_ReceiverWakeUpCmd), (24 bytes).
    Removing stm32f10x_usart.o(i.USART_SendBreak), (10 bytes).
    Removing stm32f10x_usart.o(i.USART_SendData), (8 bytes).
    Removing stm32f10x_usart.o(i.USART_SetAddress), (18 bytes).
    Removing stm32f10x_usart.o(i.USART_SetGuardTime), (16 bytes).
    Removing stm32f10x_usart.o(i.USART_SetPrescaler), (16 bytes).
    Removing stm32f10x_usart.o(i.USART_SmartCardCmd), (24 bytes).
    Removing stm32f10x_usart.o(i.USART_SmartCardNACKCmd), (24 bytes).
    Removing stm32f10x_usart.o(i.USART_StructInit), (24 bytes).
    Removing stm32f10x_usart.o(i.USART_WakeUpConfig), (18 bytes).
    Removing stm32f10x_usart.o(.ARM.exidx), (8 bytes).
    Removing stm32f10x_usart.o(.ARM.exidx), (8 bytes).
    Removing stm32f10x_usart.o(.ARM.exidx), (8 bytes).
    Removing stm32f10x_usart.o(.ARM.exidx), (8 bytes).
    Removing stm32f10x_usart.o(.ARM.exidx), (8 bytes).
    Removing stm32f10x_usart.o(.ARM.exidx), (8 bytes).
    Removing stm32f10x_usart.o(.ARM.exidx), (8 bytes).
    Removing stm32f10x_usart.o(.ARM.exidx), (8 bytes).
    Removing stm32f10x_usart.o(.ARM.exidx), (8 bytes).
    Removing stm32f10x_usart.o(.ARM.exidx), (8 bytes).
    Removing stm32f10x_usart.o(.ARM.exidx), (8 bytes).
    Removing stm32f10x_usart.o(.ARM.exidx), (8 bytes).
    Removing stm32f10x_usart.o(.ARM.exidx), (8 bytes).
    Removing stm32f10x_usart.o(.ARM.exidx), (8 bytes).
    Removing stm32f10x_usart.o(.ARM.exidx), (8 bytes).
    Removing stm32f10x_usart.o(.ARM.exidx), (8 bytes).
    Removing stm32f10x_usart.o(.ARM.exidx), (8 bytes).
    Removing stm32f10x_usart.o(.ARM.exidx), (8 bytes).
    Removing stm32f10x_usart.o(.ARM.exidx), (8 bytes).
    Removing stm32f10x_usart.o(.ARM.exidx), (8 bytes).
    Removing stm32f10x_usart.o(.ARM.exidx), (8 bytes).
    Removing stm32f10x_usart.o(.ARM.exidx), (8 bytes).
    Removing stm32f10x_usart.o(.ARM.exidx), (8 bytes).
    Removing stm32f10x_usart.o(.ARM.exidx), (8 bytes).
    Removing stm32f10x_usart.o(.ARM.exidx), (8 bytes).
    Removing stm32f10x_usart.o(.ARM.exidx), (8 bytes).
    Removing stm32f10x_usart.o(.ARM.exidx), (8 bytes).
    Removing stm32f10x_usart.o(.ARM.exidx), (8 bytes).
    Removing stm32f10x_usart.o(.ARM.exidx), (8 bytes).
    Removing stm32f10x_spi.o(i.I2S_Cmd), (24 bytes).
    Removing stm32f10x_spi.o(i.I2S_Init), (232 bytes).
    Removing stm32f10x_spi.o(i.I2S_StructInit), (20 bytes).
    Removing stm32f10x_spi.o(i.SPI_BiDirectionalLineConfig), (28 bytes).
    Removing stm32f10x_spi.o(i.SPI_CalculateCRC), (24 bytes).
    Removing stm32f10x_spi.o(i.SPI_DataSizeConfig), (18 bytes).
    Removing stm32f10x_spi.o(i.SPI_GetCRC), (16 bytes).
    Removing stm32f10x_spi.o(i.SPI_GetCRCPolynomial), (6 bytes).
    Removing stm32f10x_spi.o(i.SPI_I2S_ClearFlag), (6 bytes).
    Removing stm32f10x_spi.o(i.SPI_I2S_ClearITPendingBit), (20 bytes).
    Removing stm32f10x_spi.o(i.SPI_I2S_DMACmd), (18 bytes).
    Removing stm32f10x_spi.o(i.SPI_I2S_DeInit), (88 bytes).
    Removing stm32f10x_spi.o(i.SPI_I2S_GetFlagStatus), (18 bytes).
    Removing stm32f10x_spi.o(i.SPI_I2S_GetITStatus), (52 bytes).
    Removing stm32f10x_spi.o(i.SPI_I2S_ReceiveData), (6 bytes).
    Removing stm32f10x_spi.o(i.SPI_I2S_SendData), (4 bytes).
    Removing stm32f10x_spi.o(i.SPI_NSSInternalSoftwareConfig), (30 bytes).
    Removing stm32f10x_spi.o(i.SPI_SSOutputCmd), (24 bytes).
    Removing stm32f10x_spi.o(i.SPI_StructInit), (24 bytes).
    Removing stm32f10x_spi.o(i.SPI_TransmitCRC), (10 bytes).
    Removing stm32f10x_spi.o(.ARM.exidx), (8 bytes).
    Removing stm32f10x_spi.o(.ARM.exidx), (8 bytes).
    Removing stm32f10x_spi.o(.ARM.exidx), (8 bytes).
    Removing stm32f10x_spi.o(.ARM.exidx), (8 bytes).
    Removing stm32f10x_spi.o(.ARM.exidx), (8 bytes).
    Removing stm32f10x_spi.o(.ARM.exidx), (8 bytes).
    Removing stm32f10x_spi.o(.ARM.exidx), (8 bytes).
    Removing stm32f10x_spi.o(.ARM.exidx), (8 bytes).
    Removing stm32f10x_spi.o(.ARM.exidx), (8 bytes).
    Removing stm32f10x_spi.o(.ARM.exidx), (8 bytes).
    Removing stm32f10x_spi.o(.ARM.exidx), (8 bytes).
    Removing stm32f10x_spi.o(.ARM.exidx), (8 bytes).
    Removing stm32f10x_spi.o(.ARM.exidx), (8 bytes).
    Removing stm32f10x_spi.o(.ARM.exidx), (8 bytes).
    Removing stm32f10x_spi.o(.ARM.exidx), (8 bytes).
    Removing stm32f10x_spi.o(.ARM.exidx), (8 bytes).
    Removing stm32f10x_spi.o(.ARM.exidx), (8 bytes).
    Removing stm32f10x_spi.o(.ARM.exidx), (8 bytes).
    Removing stm32f10x_spi.o(.ARM.exidx), (8 bytes).
    Removing stm32f10x_spi.o(.ARM.exidx), (8 bytes).
    Removing stm32f10x_spi.o(.ARM.exidx), (8 bytes).
    Removing stm32f10x_spi.o(.ARM.exidx), (8 bytes).
    Removing stm32f10x_spi.o(.ARM.exidx), (8 bytes).
    Removing main.o(.ARM.exidx), (8 bytes).
    Removing core_cm3.o(.emb_text), (32 bytes).
    Removing system_stm32f10x.o(i.SystemCoreClockUpdate), (164 bytes).
    Removing system_stm32f10x.o(.ARM.exidx), (8 bytes).
    Removing system_stm32f10x.o(.ARM.exidx), (8 bytes).
    Removing system_stm32f10x.o(.ARM.exidx), (8 bytes).
    Removing system_stm32f10x.o(.ARM.exidx), (8 bytes).
    Removing system_stm32f10x.o(.data), (20 bytes).
    Removing dds.o(i._ZN9DDS_class10DDS_Set_CREhhhhh), (126 bytes).
    Removing dds.o(i._ZN9DDS_class14DDS_USART_InitEv), (100 bytes).
    Removing dds.o(i._ZN9DDS_class14DDS_USART_SendEPh), (2 bytes).
    Removing dds.o(i._ZN9DDS_class15DDS_Set_Delta_FEjh), (88 bytes).
    Removing dds.o(i._ZN9DDS_class16DDS_Set_NumOfIncEt), (46 bytes).
    Removing dds.o(i._ZN9DDS_class18DDS_SPI_SendAndGetEt), (50 bytes).
    Removing dds.o(i._ZN9DDS_class18DDS_Set_Start_FreqEj), (76 bytes).
    Removing dds.o(i._ZN9DDS_class24DDS_Set_Inc_IntervalTimeEht), (18 bytes).
    Removing dds.o(i._ZN9DDS_classC1E9wave_type), (2 bytes).
    Removing dds.o(i._ZN9DDS_classC1EP11SPI_TypeDef), (104 bytes).
    Removing dds.o(i._ZN9DDS_classC1EP13USART_TypeDefj), (148 bytes).
    Removing dds.o(.ARM.exidx), (8 bytes).
    Removing dds.o(.ARM.exidx), (8 bytes).
    Removing dds.o(.ARM.exidx), (8 bytes).
    Removing dds.o(.ARM.exidx), (8 bytes).
    Removing dds.o(.ARM.exidx), (8 bytes).
    Removing dds.o(.ARM.exidx), (8 bytes).
    Removing dds.o(.ARM.exidx), (8 bytes).
    Removing dds.o(.ARM.exidx), (8 bytes).
    Removing dds.o(.ARM.exidx), (8 bytes).
    Removing dds.o(.ARM.exidx), (8 bytes).
    Removing dds.o(.ARM.exidx), (8 bytes).
    Removing dds.o(.ARM.exidx), (8 bytes).
    Removing dds.o(.ARM.exidx), (8 bytes).

609 unused section(s) (total 14728 bytes) removed from the image.

==============================================================================

Image Symbol Table

    Local Symbols

    Symbol Name                              Value     Ov Type        Size  Object(Section)

    ../clib/angel/boardlib.s                 0x00000000   Number         0  boardinit3.o ABSOLUTE
    ../clib/angel/boardlib.s                 0x00000000   Number         0  boardinit2.o ABSOLUTE
    ../clib/angel/boardlib.s                 0x00000000   Number         0  boardinit1.o ABSOLUTE
    ../clib/angel/boardlib.s                 0x00000000   Number         0  boardshut.o ABSOLUTE
    ../clib/angel/handlers.s                 0x00000000   Number         0  __scatter_zi.o ABSOLUTE
    ../clib/angel/kernel.s                   0x00000000   Number         0  __rtentry.o ABSOLUTE
    ../clib/angel/kernel.s                   0x00000000   Number         0  __rtentry4.o ABSOLUTE
    ../clib/angel/kernel.s                   0x00000000   Number         0  __rtentry2.o ABSOLUTE
    ../clib/angel/kernel.s                   0x00000000   Number         0  rtexit2.o ABSOLUTE
    ../clib/angel/kernel.s                   0x00000000   Number         0  rtexit.o ABSOLUTE
    ../clib/angel/rt.s                       0x00000000   Number         0  rt_raise.o ABSOLUTE
    ../clib/angel/scatter.s                  0x00000000   Number         0  __scatter.o ABSOLUTE
    ../clib/angel/startup.s                  0x00000000   Number         0  __main.o ABSOLUTE
    ../clib/angel/sys.s                      0x00000000   Number         0  libspace.o ABSOLUTE
    ../clib/angel/sys.s                      0x00000000   Number         0  sys_stackheap_outer.o ABSOLUTE
    ../clib/angel/sys.s                      0x00000000   Number         0  indicate_semi.o ABSOLUTE
    ../clib/angel/sys.s                      0x00000000   Number         0  use_no_semi.o ABSOLUTE
    ../clib/angel/sysapp.c                   0x00000000   Number         0  sys_exit.o ABSOLUTE
    ../clib/angel/sysapp.c                   0x00000000   Number         0  sys_wrch.o ABSOLUTE
    ../clib/angel/sysapp.c                   0x00000000   Number         0  sys_command.o ABSOLUTE
    ../clib/armsys.c                         0x00000000   Number         0  argv_veneer.o ABSOLUTE
    ../clib/armsys.c                         0x00000000   Number         0  _get_argv_nomalloc.o ABSOLUTE
    ../clib/armsys.c                         0x00000000   Number         0  no_argv.o ABSOLUTE
    ../clib/armsys.c                         0x00000000   Number         0  argv_veneer.o ABSOLUTE
    ../clib/heapalloc.c                      0x00000000   Number         0  hrguard.o ABSOLUTE
    ../clib/heapaux.c                        0x00000000   Number         0  heapauxi.o ABSOLUTE
    ../clib/libinit.s                        0x00000000   Number         0  libinit.o ABSOLUTE
    ../clib/libinit.s                        0x00000000   Number         0  libshutdown.o ABSOLUTE
    ../clib/libinit.s                        0x00000000   Number         0  libshutdown2.o ABSOLUTE
    ../clib/libinit.s                        0x00000000   Number         0  libinit2.o ABSOLUTE
    ../clib/signal.c                         0x00000000   Number         0  defsig_other.o ABSOLUTE
    ../clib/signal.c                         0x00000000   Number         0  defsig_abrt_inner.o ABSOLUTE
    ../clib/signal.c                         0x00000000   Number         0  defsig_general.o ABSOLUTE
    ../clib/signal.c                         0x00000000   Number         0  defsig_exit.o ABSOLUTE
    ../clib/signal.c                         0x00000000   Number         0  defsig_segv_inner.o ABSOLUTE
    ../clib/signal.c                         0x00000000   Number         0  defsig_rtmem_formal.o ABSOLUTE
    ../clib/signal.c                         0x00000000   Number         0  defsig_cppl_inner.o ABSOLUTE
    ../clib/signal.c                         0x00000000   Number         0  defsig_pvfn_inner.o ABSOLUTE
    ../clib/signal.c                         0x00000000   Number         0  defsig_stak_inner.o ABSOLUTE
    ../clib/signal.c                         0x00000000   Number         0  defsig_rtred_inner.o ABSOLUTE
    ../clib/signal.c                         0x00000000   Number         0  defsig_rtmem_outer.o ABSOLUTE
    ../clib/signal.c                         0x00000000   Number         0  defsig_rtmem_inner.o ABSOLUTE
    ../clib/signal.c                         0x00000000   Number         0  __raise.o ABSOLUTE
    ../clib/signal.c                         0x00000000   Number         0  defsig_fpe_inner.o ABSOLUTE
    ../clib/signal.s                         0x00000000   Number         0  defsig.o ABSOLUTE
    ../clib/stdlib.c                         0x00000000   Number         0  exit.o ABSOLUTE
    ../fplib/fpinit.s                        0x00000000   Number         0  fpinit.o ABSOLUTE
    DDS.cpp                                  0x00000000   Number         0  dds.o ABSOLUTE
    Libraries\CMSIS\CM3\CoreSupport\core_cm3.c 0x00000000   Number         0  core_cm3.o ABSOLUTE
    Libraries\CMSIS\CM3\DeviceSupport\ST\STM32F10x\startup\arm\startup_stm32f10x_md.s 0x00000000   Number         0  startup_stm32f10x_md.o ABSOLUTE
    Libraries\STM32F10x_StdPeriph_Driver\src\misc.c 0x00000000   Number         0  misc.o ABSOLUTE
    Libraries\STM32F10x_StdPeriph_Driver\src\stm32f10x_dbgmcu.c 0x00000000   Number         0  stm32f10x_dbgmcu.o ABSOLUTE
    Libraries\STM32F10x_StdPeriph_Driver\src\stm32f10x_dma.c 0x00000000   Number         0  stm32f10x_dma.o ABSOLUTE
    Libraries\STM32F10x_StdPeriph_Driver\src\stm32f10x_exti.c 0x00000000   Number         0  stm32f10x_exti.o ABSOLUTE
    Libraries\STM32F10x_StdPeriph_Driver\src\stm32f10x_flash.c 0x00000000   Number         0  stm32f10x_flash.o ABSOLUTE
    Libraries\STM32F10x_StdPeriph_Driver\src\stm32f10x_gpio.c 0x00000000   Number         0  stm32f10x_gpio.o ABSOLUTE
    Libraries\STM32F10x_StdPeriph_Driver\src\stm32f10x_i2c.c 0x00000000   Number         0  stm32f10x_i2c.o ABSOLUTE
    Libraries\STM32F10x_StdPeriph_Driver\src\stm32f10x_pwr.c 0x00000000   Number         0  stm32f10x_pwr.o ABSOLUTE
    Libraries\STM32F10x_StdPeriph_Driver\src\stm32f10x_rcc.c 0x00000000   Number         0  stm32f10x_rcc.o ABSOLUTE
    Libraries\STM32F10x_StdPeriph_Driver\src\stm32f10x_spi.c 0x00000000   Number         0  stm32f10x_spi.o ABSOLUTE
    Libraries\STM32F10x_StdPeriph_Driver\src\stm32f10x_tim.c 0x00000000   Number         0  stm32f10x_tim.o ABSOLUTE
    Libraries\STM32F10x_StdPeriph_Driver\src\stm32f10x_usart.c 0x00000000   Number         0  stm32f10x_usart.o ABSOLUTE
    Libraries\\CMSIS\\CM3\\CoreSupport\\core_cm3.c 0x00000000   Number         0  core_cm3.o ABSOLUTE
    dc.s                                     0x00000000   Number         0  dc.o ABSOLUTE
    main.cpp                                 0x00000000   Number         0  main.o ABSOLUTE
    system_stm32f10x.c                       0x00000000   Number         0  system_stm32f10x.o ABSOLUTE
    RESET                                    0x08000000   Section      236  startup_stm32f10x_md.o(RESET)
    !!!main                                  0x080000ec   Section        8  __main.o(!!!main)
    !!!scatter                               0x080000f4   Section       52  __scatter.o(!!!scatter)
    !!handler_zi                             0x08000128   Section       28  __scatter_zi.o(!!handler_zi)
    .ARM.Collect$$libinit$$00000000          0x08000144   Section        2  libinit.o(.ARM.Collect$$libinit$$00000000)
    .ARM.Collect$$libinit$$00000002          0x08000146   Section        0  libinit2.o(.ARM.Collect$$libinit$$00000002)
    .ARM.Collect$$libinit$$00000004          0x08000146   Section        0  libinit2.o(.ARM.Collect$$libinit$$00000004)
    .ARM.Collect$$libinit$$0000000A          0x08000146   Section        0  libinit2.o(.ARM.Collect$$libinit$$0000000A)
    .ARM.Collect$$libinit$$0000000C          0x08000146   Section        0  libinit2.o(.ARM.Collect$$libinit$$0000000C)
    .ARM.Collect$$libinit$$0000000E          0x08000146   Section        0  libinit2.o(.ARM.Collect$$libinit$$0000000E)
    .ARM.Collect$$libinit$$00000011          0x08000146   Section        0  libinit2.o(.ARM.Collect$$libinit$$00000011)
    .ARM.Collect$$libinit$$00000013          0x08000146   Section        0  libinit2.o(.ARM.Collect$$libinit$$00000013)
    .ARM.Collect$$libinit$$00000015          0x08000146   Section        0  libinit2.o(.ARM.Collect$$libinit$$00000015)
    .ARM.Collect$$libinit$$00000017          0x08000146   Section        0  libinit2.o(.ARM.Collect$$libinit$$00000017)
    .ARM.Collect$$libinit$$00000019          0x08000146   Section        0  libinit2.o(.ARM.Collect$$libinit$$00000019)
    .ARM.Collect$$libinit$$0000001B          0x08000146   Section        0  libinit2.o(.ARM.Collect$$libinit$$0000001B)
    .ARM.Collect$$libinit$$0000001D          0x08000146   Section        0  libinit2.o(.ARM.Collect$$libinit$$0000001D)
    .ARM.Collect$$libinit$$0000001F          0x08000146   Section        0  libinit2.o(.ARM.Collect$$libinit$$0000001F)
    .ARM.Collect$$libinit$$00000021          0x08000146   Section        0  libinit2.o(.ARM.Collect$$libinit$$00000021)
    .ARM.Collect$$libinit$$00000023          0x08000146   Section        0  libinit2.o(.ARM.Collect$$libinit$$00000023)
    .ARM.Collect$$libinit$$00000025          0x08000146   Section        0  libinit2.o(.ARM.Collect$$libinit$$00000025)
    .ARM.Collect$$libinit$$0000002C          0x08000146   Section        0  libinit2.o(.ARM.Collect$$libinit$$0000002C)
    .ARM.Collect$$libinit$$0000002E          0x08000146   Section        0  libinit2.o(.ARM.Collect$$libinit$$0000002E)
    .ARM.Collect$$libinit$$00000030          0x08000146   Section        0  libinit2.o(.ARM.Collect$$libinit$$00000030)
    .ARM.Collect$$libinit$$00000032          0x08000146   Section        0  libinit2.o(.ARM.Collect$$libinit$$00000032)
    .ARM.Collect$$libinit$$00000033          0x08000146   Section        2  libinit2.o(.ARM.Collect$$libinit$$00000033)
    .ARM.Collect$$libshutdown$$00000000      0x08000148   Section        2  libshutdown.o(.ARM.Collect$$libshutdown$$00000000)
    .ARM.Collect$$libshutdown$$00000003      0x0800014a   Section        0  libshutdown2.o(.ARM.Collect$$libshutdown$$00000003)
    .ARM.Collect$$libshutdown$$00000006      0x0800014a   Section        0  libshutdown2.o(.ARM.Collect$$libshutdown$$00000006)
    .ARM.Collect$$libshutdown$$00000009      0x0800014a   Section        0  libshutdown2.o(.ARM.Collect$$libshutdown$$00000009)
    .ARM.Collect$$libshutdown$$0000000B      0x0800014a   Section        0  libshutdown2.o(.ARM.Collect$$libshutdown$$0000000B)
    .ARM.Collect$$libshutdown$$0000000E      0x0800014a   Section        0  libshutdown2.o(.ARM.Collect$$libshutdown$$0000000E)
    .ARM.Collect$$libshutdown$$0000000F      0x0800014a   Section        2  libshutdown2.o(.ARM.Collect$$libshutdown$$0000000F)
    .ARM.Collect$$rtentry$$00000000          0x0800014c   Section        0  __rtentry.o(.ARM.Collect$$rtentry$$00000000)
    .ARM.Collect$$rtentry$$00000002          0x0800014c   Section        0  __rtentry2.o(.ARM.Collect$$rtentry$$00000002)
    .ARM.Collect$$rtentry$$00000004          0x0800014c   Section        6  __rtentry4.o(.ARM.Collect$$rtentry$$00000004)
    .ARM.Collect$$rtentry$$00000009          0x08000152   Section        0  __rtentry2.o(.ARM.Collect$$rtentry$$00000009)
    .ARM.Collect$$rtentry$$0000000A          0x08000152   Section        4  __rtentry2.o(.ARM.Collect$$rtentry$$0000000A)
    .ARM.Collect$$rtentry$$0000000C          0x08000156   Section        0  __rtentry2.o(.ARM.Collect$$rtentry$$0000000C)
    .ARM.Collect$$rtentry$$0000000D          0x08000156   Section        8  __rtentry2.o(.ARM.Collect$$rtentry$$0000000D)
    .ARM.Collect$$rtexit$$00000000           0x0800015e   Section        2  rtexit.o(.ARM.Collect$$rtexit$$00000000)
    .ARM.Collect$$rtexit$$00000002           0x08000160   Section        0  rtexit2.o(.ARM.Collect$$rtexit$$00000002)
    .ARM.Collect$$rtexit$$00000003           0x08000160   Section        4  rtexit2.o(.ARM.Collect$$rtexit$$00000003)
    .ARM.Collect$$rtexit$$00000004           0x08000164   Section        6  rtexit2.o(.ARM.Collect$$rtexit$$00000004)
    .text                                    0x0800016c   Section       64  startup_stm32f10x_md.o(.text)
    .text                                    0x080001ac   Section        0  heapauxi.o(.text)
    .text                                    0x080001b2   Section       74  sys_stackheap_outer.o(.text)
    .text                                    0x080001fc   Section        0  exit.o(.text)
    .text                                    0x08000208   Section        8  libspace.o(.text)
    .text                                    0x08000210   Section        0  sys_exit.o(.text)
    .text                                    0x0800021c   Section        2  use_no_semi.o(.text)
    .text                                    0x0800021e   Section        0  indicate_semi.o(.text)
    i.GPIO_Init                              0x0800021e   Section        0  stm32f10x_gpio.o(i.GPIO_Init)
    i.SPI_Cmd                                0x08000334   Section        0  stm32f10x_spi.o(i.SPI_Cmd)
    i.SPI_I2S_ITConfig                       0x0800034c   Section        0  stm32f10x_spi.o(i.SPI_I2S_ITConfig)
    i.SPI_Init                               0x0800036c   Section        0  stm32f10x_spi.o(i.SPI_Init)
    i.SystemInit                             0x080003a8   Section        0  system_stm32f10x.o(i.SystemInit)
    i._ZN40_INTERNAL_18_system_stm32f10x_c_5d646a6711SetSysClockEv 0x08000408   Section        0  system_stm32f10x.o(i._ZN40_INTERNAL_18_system_stm32f10x_c_5d646a6711SetSysClockEv)
    [local to system_stm32f10x_c]::SetSysClock() 0x08000409   Thumb Code     8  system_stm32f10x.o(i._ZN40_INTERNAL_18_system_stm32f10x_c_5d646a6711SetSysClockEv)
    i._ZN40_INTERNAL_18_system_stm32f10x_c_5d646a6715SetSysClockTo72Ev 0x08000410   Section        0  system_stm32f10x.o(i._ZN40_INTERNAL_18_system_stm32f10x_c_5d646a6715SetSysClockTo72Ev)
    [local to system_stm32f10x_c]::SetSysClockTo72() 0x08000411   Thumb Code   214  system_stm32f10x.o(i._ZN40_INTERNAL_18_system_stm32f10x_c_5d646a6715SetSysClockTo72Ev)
    i._ZN9DDS_class12DDS_SPI_InitEv          0x080004f0   Section        0  dds.o(i._ZN9DDS_class12DDS_SPI_InitEv)
    i._ZN9DDS_classC1Ev                      0x08000588   Section        0  dds.o(i._ZN9DDS_classC1Ev)
    i.main                                   0x080005c0   Section        0  main.o(i.main)
    .bss                                     0x20000000   Section       96  libspace.o(.bss)
    HEAP                                     0x20000060   Section      512  startup_stm32f10x_md.o(HEAP)
    Heap_Mem                                 0x20000060   Data         512  startup_stm32f10x_md.o(HEAP)
    STACK                                    0x20000260   Section     1024  startup_stm32f10x_md.o(STACK)
    Stack_Mem                                0x20000260   Data        1024  startup_stm32f10x_md.o(STACK)
    __initial_sp                             0x20000660   Data           0  startup_stm32f10x_md.o(STACK)

    Global Symbols

    Symbol Name                              Value     Ov Type        Size  Object(Section)

    BuildAttributes$$THM_ISAv4$P$D$K$B$S$PE$A:L22UL41UL21$X:L11$S22US41US21$IEEE1$IW$USESV6$~STKCKD$USESV7$~SHL$OSPACE$ROPI$EBA8$UX$STANDARDLIB$REQ8$PRES8$EABIv2 0x00000000   Number         0  anon$$obj.o ABSOLUTE
    __ARM_use_no_argv                        0x00000000   Number         0  main.o ABSOLUTE
    __ARM_exceptions_init                     - Undefined Weak Reference
    __alloca_initialize                       - Undefined Weak Reference
    __arm_preinit_                            - Undefined Weak Reference
    __cpp_initialize__aeabi_                  - Undefined Weak Reference
    __cxa_finalize                            - Undefined Weak Reference
    __rt_locale                               - Undefined Weak Reference
    __sigvec_lookup                           - Undefined Weak Reference
    _atexit_init                              - Undefined Weak Reference
    _call_atexit_fns                          - Undefined Weak Reference
    _clock_init                               - Undefined Weak Reference
    _fp_trap_init                             - Undefined Weak Reference
    _fp_trap_shutdown                         - Undefined Weak Reference
    _get_lc_collate                           - Undefined Weak Reference
    _get_lc_ctype                             - Undefined Weak Reference
    _get_lc_monetary                          - Undefined Weak Reference
    _get_lc_numeric                           - Undefined Weak Reference
    _get_lc_time                              - Undefined Weak Reference
    _getenv_init                              - Undefined Weak Reference
    _handle_redirection                       - Undefined Weak Reference
    _init_alloc                               - Undefined Weak Reference
    _init_user_alloc                          - Undefined Weak Reference
    _initio                                   - Undefined Weak Reference
    _rand_init                                - Undefined Weak Reference
    _signal_finish                            - Undefined Weak Reference
    _signal_init                              - Undefined Weak Reference
    _terminate_alloc                          - Undefined Weak Reference
    _terminate_user_alloc                     - Undefined Weak Reference
    _terminateio                              - Undefined Weak Reference
    __Vectors_Size                           0x000000ec   Number         0  startup_stm32f10x_md.o ABSOLUTE
    __Vectors                                0x08000000   Data           4  startup_stm32f10x_md.o(RESET)
    __Vectors_End                            0x080000ec   Data           0  startup_stm32f10x_md.o(RESET)
    __main                                   0x080000ed   Thumb Code     8  __main.o(!!!main)
    __scatterload                            0x080000f5   Thumb Code     0  __scatter.o(!!!scatter)
    __scatterload_rt2                        0x080000f5   Thumb Code    44  __scatter.o(!!!scatter)
    __scatterload_rt2_thumb_only             0x080000f5   Thumb Code     0  __scatter.o(!!!scatter)
    __scatterload_null                       0x08000103   Thumb Code     0  __scatter.o(!!!scatter)
    __scatterload_zeroinit                   0x08000129   Thumb Code    28  __scatter_zi.o(!!handler_zi)
    __rt_lib_init                            0x08000145   Thumb Code     0  libinit.o(.ARM.Collect$$libinit$$00000000)
    __rt_lib_init_alloca_1                   0x08000147   Thumb Code     0  libinit2.o(.ARM.Collect$$libinit$$0000002E)
    __rt_lib_init_argv_1                     0x08000147   Thumb Code     0  libinit2.o(.ARM.Collect$$libinit$$0000002C)
    __rt_lib_init_atexit_1                   0x08000147   Thumb Code     0  libinit2.o(.ARM.Collect$$libinit$$0000001B)
    __rt_lib_init_clock_1                    0x08000147   Thumb Code     0  libinit2.o(.ARM.Collect$$libinit$$00000021)
    __rt_lib_init_cpp_1                      0x08000147   Thumb Code     0  libinit2.o(.ARM.Collect$$libinit$$00000032)
    __rt_lib_init_exceptions_1               0x08000147   Thumb Code     0  libinit2.o(.ARM.Collect$$libinit$$00000030)
    __rt_lib_init_fp_1                       0x08000147   Thumb Code     0  libinit2.o(.ARM.Collect$$libinit$$00000002)
    __rt_lib_init_fp_trap_1                  0x08000147   Thumb Code     0  libinit2.o(.ARM.Collect$$libinit$$0000001F)
    __rt_lib_init_getenv_1                   0x08000147   Thumb Code     0  libinit2.o(.ARM.Collect$$libinit$$00000023)
    __rt_lib_init_heap_1                     0x08000147   Thumb Code     0  libinit2.o(.ARM.Collect$$libinit$$0000000A)
    __rt_lib_init_lc_collate_1               0x08000147   Thumb Code     0  libinit2.o(.ARM.Collect$$libinit$$00000011)
    __rt_lib_init_lc_ctype_1                 0x08000147   Thumb Code     0  libinit2.o(.ARM.Collect$$libinit$$00000013)
    __rt_lib_init_lc_monetary_1              0x08000147   Thumb Code     0  libinit2.o(.ARM.Collect$$libinit$$00000015)
    __rt_lib_init_lc_numeric_1               0x08000147   Thumb Code     0  libinit2.o(.ARM.Collect$$libinit$$00000017)
    __rt_lib_init_lc_time_1                  0x08000147   Thumb Code     0  libinit2.o(.ARM.Collect$$libinit$$00000019)
    __rt_lib_init_preinit_1                  0x08000147   Thumb Code     0  libinit2.o(.ARM.Collect$$libinit$$00000004)
    __rt_lib_init_rand_1                     0x08000147   Thumb Code     0  libinit2.o(.ARM.Collect$$libinit$$0000000E)
    __rt_lib_init_return                     0x08000147   Thumb Code     0  libinit2.o(.ARM.Collect$$libinit$$00000033)
    __rt_lib_init_signal_1                   0x08000147   Thumb Code     0  libinit2.o(.ARM.Collect$$libinit$$0000001D)
    __rt_lib_init_stdio_1                    0x08000147   Thumb Code     0  libinit2.o(.ARM.Collect$$libinit$$00000025)
    __rt_lib_init_user_alloc_1               0x08000147   Thumb Code     0  libinit2.o(.ARM.Collect$$libinit$$0000000C)
    __rt_lib_shutdown                        0x08000149   Thumb Code     0  libshutdown.o(.ARM.Collect$$libshutdown$$00000000)
    __rt_lib_shutdown_fp_trap_1              0x0800014b   Thumb Code     0  libshutdown2.o(.ARM.Collect$$libshutdown$$00000006)
    __rt_lib_shutdown_heap_1                 0x0800014b   Thumb Code     0  libshutdown2.o(.ARM.Collect$$libshutdown$$0000000E)
    __rt_lib_shutdown_return                 0x0800014b   Thumb Code     0  libshutdown2.o(.ARM.Collect$$libshutdown$$0000000F)
    __rt_lib_shutdown_signal_1               0x0800014b   Thumb Code     0  libshutdown2.o(.ARM.Collect$$libshutdown$$00000009)
    __rt_lib_shutdown_stdio_1                0x0800014b   Thumb Code     0  libshutdown2.o(.ARM.Collect$$libshutdown$$00000003)
    __rt_lib_shutdown_user_alloc_1           0x0800014b   Thumb Code     0  libshutdown2.o(.ARM.Collect$$libshutdown$$0000000B)
    __rt_entry                               0x0800014d   Thumb Code     0  __rtentry.o(.ARM.Collect$$rtentry$$00000000)
    __rt_entry_presh_1                       0x0800014d   Thumb Code     0  __rtentry2.o(.ARM.Collect$$rtentry$$00000002)
    __rt_entry_sh                            0x0800014d   Thumb Code     0  __rtentry4.o(.ARM.Collect$$rtentry$$00000004)
    __rt_entry_li                            0x08000153   Thumb Code     0  __rtentry2.o(.ARM.Collect$$rtentry$$0000000A)
    __rt_entry_postsh_1                      0x08000153   Thumb Code     0  __rtentry2.o(.ARM.Collect$$rtentry$$00000009)
    __rt_entry_main                          0x08000157   Thumb Code     0  __rtentry2.o(.ARM.Collect$$rtentry$$0000000D)
    __rt_entry_postli_1                      0x08000157   Thumb Code     0  __rtentry2.o(.ARM.Collect$$rtentry$$0000000C)
    __rt_exit                                0x0800015f   Thumb Code     0  rtexit.o(.ARM.Collect$$rtexit$$00000000)
    __rt_exit_ls                             0x08000161   Thumb Code     0  rtexit2.o(.ARM.Collect$$rtexit$$00000003)
    __rt_exit_prels_1                        0x08000161   Thumb Code     0  rtexit2.o(.ARM.Collect$$rtexit$$00000002)
    __rt_exit_exit                           0x08000165   Thumb Code     0  rtexit2.o(.ARM.Collect$$rtexit$$00000004)
    Reset_Handler                            0x0800016d   Thumb Code     8  startup_stm32f10x_md.o(.text)
    NMI_Handler                              0x08000175   Thumb Code     2  startup_stm32f10x_md.o(.text)
    HardFault_Handler                        0x08000177   Thumb Code     2  startup_stm32f10x_md.o(.text)
    MemManage_Handler                        0x08000179   Thumb Code     2  startup_stm32f10x_md.o(.text)
    BusFault_Handler                         0x0800017b   Thumb Code     2  startup_stm32f10x_md.o(.text)
    UsageFault_Handler                       0x0800017d   Thumb Code     2  startup_stm32f10x_md.o(.text)
    SVC_Handler                              0x0800017f   Thumb Code     2  startup_stm32f10x_md.o(.text)
    DebugMon_Handler                         0x08000181   Thumb Code     2  startup_stm32f10x_md.o(.text)
    PendSV_Handler                           0x08000183   Thumb Code     2  startup_stm32f10x_md.o(.text)
    SysTick_Handler                          0x08000185   Thumb Code     2  startup_stm32f10x_md.o(.text)
    ADC1_2_IRQHandler                        0x08000187   Thumb Code     0  startup_stm32f10x_md.o(.text)
    CAN1_RX1_IRQHandler                      0x08000187   Thumb Code     0  startup_stm32f10x_md.o(.text)
    CAN1_SCE_IRQHandler                      0x08000187   Thumb Code     0  startup_stm32f10x_md.o(.text)
    DMA1_Channel1_IRQHandler                 0x08000187   Thumb Code     0  startup_stm32f10x_md.o(.text)
    DMA1_Channel2_IRQHandler                 0x08000187   Thumb Code     0  startup_stm32f10x_md.o(.text)
    DMA1_Channel3_IRQHandler                 0x08000187   Thumb Code     0  startup_stm32f10x_md.o(.text)
    DMA1_Channel4_IRQHandler                 0x08000187   Thumb Code     0  startup_stm32f10x_md.o(.text)
    DMA1_Channel5_IRQHandler                 0x08000187   Thumb Code     0  startup_stm32f10x_md.o(.text)
    DMA1_Channel6_IRQHandler                 0x08000187   Thumb Code     0  startup_stm32f10x_md.o(.text)
    DMA1_Channel7_IRQHandler                 0x08000187   Thumb Code     0  startup_stm32f10x_md.o(.text)
    EXTI0_IRQHandler                         0x08000187   Thumb Code     0  startup_stm32f10x_md.o(.text)
    EXTI15_10_IRQHandler                     0x08000187   Thumb Code     0  startup_stm32f10x_md.o(.text)
    EXTI1_IRQHandler                         0x08000187   Thumb Code     0  startup_stm32f10x_md.o(.text)
    EXTI2_IRQHandler                         0x08000187   Thumb Code     0  startup_stm32f10x_md.o(.text)
    EXTI3_IRQHandler                         0x08000187   Thumb Code     0  startup_stm32f10x_md.o(.text)
    EXTI4_IRQHandler                         0x08000187   Thumb Code     0  startup_stm32f10x_md.o(.text)
    EXTI9_5_IRQHandler                       0x08000187   Thumb Code     0  startup_stm32f10x_md.o(.text)
    FLASH_IRQHandler                         0x08000187   Thumb Code     0  startup_stm32f10x_md.o(.text)
    I2C1_ER_IRQHandler                       0x08000187   Thumb Code     0  startup_stm32f10x_md.o(.text)
    I2C1_EV_IRQHandler                       0x08000187   Thumb Code     0  startup_stm32f10x_md.o(.text)
    I2C2_ER_IRQHandler                       0x08000187   Thumb Code     0  startup_stm32f10x_md.o(.text)
    I2C2_EV_IRQHandler                       0x08000187   Thumb Code     0  startup_stm32f10x_md.o(.text)
    PVD_IRQHandler                           0x08000187   Thumb Code     0  startup_stm32f10x_md.o(.text)
    RCC_IRQHandler                           0x08000187   Thumb Code     0  startup_stm32f10x_md.o(.text)
    RTCAlarm_IRQHandler                      0x08000187   Thumb Code     0  startup_stm32f10x_md.o(.text)
    RTC_IRQHandler                           0x08000187   Thumb Code     0  startup_stm32f10x_md.o(.text)
    SPI1_IRQHandler                          0x08000187   Thumb Code     0  startup_stm32f10x_md.o(.text)
    SPI2_IRQHandler                          0x08000187   Thumb Code     0  startup_stm32f10x_md.o(.text)
    TAMPER_IRQHandler                        0x08000187   Thumb Code     0  startup_stm32f10x_md.o(.text)
    TIM1_BRK_IRQHandler                      0x08000187   Thumb Code     0  startup_stm32f10x_md.o(.text)
    TIM1_CC_IRQHandler                       0x08000187   Thumb Code     0  startup_stm32f10x_md.o(.text)
    TIM1_TRG_COM_IRQHandler                  0x08000187   Thumb Code     0  startup_stm32f10x_md.o(.text)
    TIM1_UP_IRQHandler                       0x08000187   Thumb Code     0  startup_stm32f10x_md.o(.text)
    TIM2_IRQHandler                          0x08000187   Thumb Code     0  startup_stm32f10x_md.o(.text)
    TIM3_IRQHandler                          0x08000187   Thumb Code     0  startup_stm32f10x_md.o(.text)
    TIM4_IRQHandler                          0x08000187   Thumb Code     0  startup_stm32f10x_md.o(.text)
    USART1_IRQHandler                        0x08000187   Thumb Code     0  startup_stm32f10x_md.o(.text)
    USART2_IRQHandler                        0x08000187   Thumb Code     0  startup_stm32f10x_md.o(.text)
    USART3_IRQHandler                        0x08000187   Thumb Code     0  startup_stm32f10x_md.o(.text)
    USBWakeUp_IRQHandler                     0x08000187   Thumb Code     0  startup_stm32f10x_md.o(.text)
    USB_HP_CAN1_TX_IRQHandler                0x08000187   Thumb Code     0  startup_stm32f10x_md.o(.text)
    USB_LP_CAN1_RX0_IRQHandler               0x08000187   Thumb Code     0  startup_stm32f10x_md.o(.text)
    WWDG_IRQHandler                          0x08000187   Thumb Code     0  startup_stm32f10x_md.o(.text)
    __user_initial_stackheap                 0x08000189   Thumb Code     0  startup_stm32f10x_md.o(.text)
    __use_two_region_memory                  0x080001ad   Thumb Code     2  heapauxi.o(.text)
    __rt_heap_escrow$2region                 0x080001af   Thumb Code     2  heapauxi.o(.text)
    __rt_heap_expand$2region                 0x080001b1   Thumb Code     2  heapauxi.o(.text)
    __user_setup_stackheap                   0x080001b3   Thumb Code    74  sys_stackheap_outer.o(.text)
    exit                                     0x080001fd   Thumb Code    12  exit.o(.text)
    __user_libspace                          0x08000209   Thumb Code     8  libspace.o(.text)
    __user_perproc_libspace                  0x08000209   Thumb Code     0  libspace.o(.text)
    __user_perthread_libspace                0x08000209   Thumb Code     0  libspace.o(.text)
    _sys_exit                                0x08000211   Thumb Code     8  sys_exit.o(.text)
    __I$use$semihosting                      0x0800021d   Thumb Code     0  use_no_semi.o(.text)
    __use_no_semihosting_swi                 0x0800021d   Thumb Code     2  use_no_semi.o(.text)
    GPIO_Init                                0x0800021f   Thumb Code   278  stm32f10x_gpio.o(i.GPIO_Init)
    __semihosting_library_function           0x0800021f   Thumb Code     0  indicate_semi.o(.text)
    SPI_Cmd                                  0x08000335   Thumb Code    24  stm32f10x_spi.o(i.SPI_Cmd)
    SPI_I2S_ITConfig                         0x0800034d   Thumb Code    32  stm32f10x_spi.o(i.SPI_I2S_ITConfig)
    SPI_Init                                 0x0800036d   Thumb Code    60  stm32f10x_spi.o(i.SPI_Init)
    SystemInit                               0x080003a9   Thumb Code    78  system_stm32f10x.o(i.SystemInit)
    DDS_class::DDS_SPI_Init()                0x080004f1   Thumb Code   152  dds.o(i._ZN9DDS_class12DDS_SPI_InitEv)
    DDS_class::DDS_class()                   0x08000589   Thumb Code    46  dds.o(i._ZN9DDS_classC1Ev)
    DDS_class::DDS_class__sub_object()       0x08000589   Thumb Code     0  dds.o(i._ZN9DDS_classC1Ev)
    main                                     0x080005c1   Thumb Code    12  main.o(i.main)
    Region$$Table$$Base                      0x080005cc   Number         0  anon$$obj.o(Region$$Table)
    Region$$Table$$Limit                     0x080005dc   Number         0  anon$$obj.o(Region$$Table)
    __libspace_start                         0x20000000   Data          96  libspace.o(.bss)
    __temporary_stack_top$libspace           0x20000060   Data           0  libspace.o(.bss)



==============================================================================

Memory Map of the image

  Image Entry point : 0x080000ed

  Load Region LR_IROM1 (Base: 0x08000000, Size: 0x000005dc, Max: 0x00010000, ABSOLUTE)

    Execution Region ER_IROM1 (Base: 0x08000000, Size: 0x000005dc, Max: 0x00010000, ABSOLUTE)

    Base Addr    Size         Type   Attr      Idx    E Section Name        Object

    0x08000000   0x000000ec   Data   RO         2191    RESET               startup_stm32f10x_md.o
    0x080000ec   0x00000008   Code   RO         2352  * !!!main             c_w.l(__main.o)
    0x080000f4   0x00000034   Code   RO         2508    !!!scatter          c_w.l(__scatter.o)
    0x08000128   0x0000001c   Code   RO         2510    !!handler_zi        c_w.l(__scatter_zi.o)
    0x08000144   0x00000002   Code   RO         2379    .ARM.Collect$$libinit$$00000000  c_w.l(libinit.o)
    0x08000146   0x00000000   Code   RO         2386    .ARM.Collect$$libinit$$00000002  c_w.l(libinit2.o)
    0x08000146   0x00000000   Code   RO         2388    .ARM.Collect$$libinit$$00000004  c_w.l(libinit2.o)
    0x08000146   0x00000000   Code   RO         2391    .ARM.Collect$$libinit$$0000000A  c_w.l(libinit2.o)
    0x08000146   0x00000000   Code   RO         2393    .ARM.Collect$$libinit$$0000000C  c_w.l(libinit2.o)
    0x08000146   0x00000000   Code   RO         2395    .ARM.Collect$$libinit$$0000000E  c_w.l(libinit2.o)
    0x08000146   0x00000000   Code   RO         2398    .ARM.Collect$$libinit$$00000011  c_w.l(libinit2.o)
    0x08000146   0x00000000   Code   RO         2400    .ARM.Collect$$libinit$$00000013  c_w.l(libinit2.o)
    0x08000146   0x00000000   Code   RO         2402    .ARM.Collect$$libinit$$00000015  c_w.l(libinit2.o)
    0x08000146   0x00000000   Code   RO         2404    .ARM.Collect$$libinit$$00000017  c_w.l(libinit2.o)
    0x08000146   0x00000000   Code   RO         2406    .ARM.Collect$$libinit$$00000019  c_w.l(libinit2.o)
    0x08000146   0x00000000   Code   RO         2408    .ARM.Collect$$libinit$$0000001B  c_w.l(libinit2.o)
    0x08000146   0x00000000   Code   RO         2410    .ARM.Collect$$libinit$$0000001D  c_w.l(libinit2.o)
    0x08000146   0x00000000   Code   RO         2412    .ARM.Collect$$libinit$$0000001F  c_w.l(libinit2.o)
    0x08000146   0x00000000   Code   RO         2414    .ARM.Collect$$libinit$$00000021  c_w.l(libinit2.o)
    0x08000146   0x00000000   Code   RO         2416    .ARM.Collect$$libinit$$00000023  c_w.l(libinit2.o)
    0x08000146   0x00000000   Code   RO         2418    .ARM.Collect$$libinit$$00000025  c_w.l(libinit2.o)
    0x08000146   0x00000000   Code   RO         2422    .ARM.Collect$$libinit$$0000002C  c_w.l(libinit2.o)
    0x08000146   0x00000000   Code   RO         2424    .ARM.Collect$$libinit$$0000002E  c_w.l(libinit2.o)
    0x08000146   0x00000000   Code   RO         2426    .ARM.Collect$$libinit$$00000030  c_w.l(libinit2.o)
    0x08000146   0x00000000   Code   RO         2428    .ARM.Collect$$libinit$$00000032  c_w.l(libinit2.o)
    0x08000146   0x00000002   Code   RO         2429    .ARM.Collect$$libinit$$00000033  c_w.l(libinit2.o)
    0x08000148   0x00000002   Code   RO         2449    .ARM.Collect$$libshutdown$$00000000  c_w.l(libshutdown.o)
    0x0800014a   0x00000000   Code   RO         2463    .ARM.Collect$$libshutdown$$00000003  c_w.l(libshutdown2.o)
    0x0800014a   0x00000000   Code   RO         2466    .ARM.Collect$$libshutdown$$00000006  c_w.l(libshutdown2.o)
    0x0800014a   0x00000000   Code   RO         2469    .ARM.Collect$$libshutdown$$00000009  c_w.l(libshutdown2.o)
    0x0800014a   0x00000000   Code   RO         2471    .ARM.Collect$$libshutdown$$0000000B  c_w.l(libshutdown2.o)
    0x0800014a   0x00000000   Code   RO         2474    .ARM.Collect$$libshutdown$$0000000E  c_w.l(libshutdown2.o)
    0x0800014a   0x00000002   Code   RO         2475    .ARM.Collect$$libshutdown$$0000000F  c_w.l(libshutdown2.o)
    0x0800014c   0x00000000   Code   RO         2354    .ARM.Collect$$rtentry$$00000000  c_w.l(__rtentry.o)
    0x0800014c   0x00000000   Code   RO         2356    .ARM.Collect$$rtentry$$00000002  c_w.l(__rtentry2.o)
    0x0800014c   0x00000006   Code   RO         2368    .ARM.Collect$$rtentry$$00000004  c_w.l(__rtentry4.o)
    0x08000152   0x00000000   Code   RO         2358    .ARM.Collect$$rtentry$$00000009  c_w.l(__rtentry2.o)
    0x08000152   0x00000004   Code   RO         2359    .ARM.Collect$$rtentry$$0000000A  c_w.l(__rtentry2.o)
    0x08000156   0x00000000   Code   RO         2361    .ARM.Collect$$rtentry$$0000000C  c_w.l(__rtentry2.o)
    0x08000156   0x00000008   Code   RO         2362    .ARM.Collect$$rtentry$$0000000D  c_w.l(__rtentry2.o)
    0x0800015e   0x00000002   Code   RO         2383    .ARM.Collect$$rtexit$$00000000  c_w.l(rtexit.o)
    0x08000160   0x00000000   Code   RO         2431    .ARM.Collect$$rtexit$$00000002  c_w.l(rtexit2.o)
    0x08000160   0x00000004   Code   RO         2432    .ARM.Collect$$rtexit$$00000003  c_w.l(rtexit2.o)
    0x08000164   0x00000006   Code   RO         2433    .ARM.Collect$$rtexit$$00000004  c_w.l(rtexit2.o)
    0x0800016a   0x00000002   PAD
    0x0800016c   0x00000040   Code   RO         2192    .text               startup_stm32f10x_md.o
    0x080001ac   0x00000006   Code   RO         2350    .text               c_w.l(heapauxi.o)
    0x080001b2   0x0000004a   Code   RO         2370    .text               c_w.l(sys_stackheap_outer.o)
    0x080001fc   0x0000000c   Code   RO         2372    .text               c_w.l(exit.o)
    0x08000208   0x00000008   Code   RO         2380    .text               c_w.l(libspace.o)
    0x08000210   0x0000000c   Code   RO         2441    .text               c_w.l(sys_exit.o)
    0x0800021c   0x00000002   Code   RO         2452    .text               c_w.l(use_no_semi.o)
    0x0800021e   0x00000000   Code   RO         2454    .text               c_w.l(indicate_semi.o)
    0x0800021e   0x00000116   Code   RO          427    i.GPIO_Init         stm32f10x_gpio.o
    0x08000334   0x00000018   Code   RO         2027    i.SPI_Cmd           stm32f10x_spi.o
    0x0800034c   0x00000020   Code   RO         2037    i.SPI_I2S_ITConfig  stm32f10x_spi.o
    0x0800036c   0x0000003c   Code   RO         2040    i.SPI_Init          stm32f10x_spi.o
    0x080003a8   0x00000060   Code   RO         2227    i.SystemInit        system_stm32f10x.o
    0x08000408   0x00000008   Code   RO         2228    i._ZN40_INTERNAL_18_system_stm32f10x_c_5d646a6711SetSysClockEv  system_stm32f10x.o
    0x08000410   0x000000e0   Code   RO         2229    i._ZN40_INTERNAL_18_system_stm32f10x_c_5d646a6715SetSysClockTo72Ev  system_stm32f10x.o
    0x080004f0   0x00000098   Code   RO         2265    i._ZN9DDS_class12DDS_SPI_InitEv  dds.o
    0x08000588   0x00000038   Code   RO         2276    i._ZN9DDS_classC1Ev  dds.o
    0x080005c0   0x0000000c   Code   RO         2197    i.main              main.o
    0x080005cc   0x00000010   Data   RO         2506    Region$$Table       anon$$obj.o


    Execution Region RW_IRAM1 (Base: 0x20000000, Size: 0x00000660, Max: 0x00005000, ABSOLUTE)

    Base Addr    Size         Type   Attr      Idx    E Section Name        Object

    0x20000000   0x00000060   Zero   RW         2381    .bss                c_w.l(libspace.o)
    0x20000060   0x00000200   Zero   RW         2190    HEAP                startup_stm32f10x_md.o
    0x20000260   0x00000400   Zero   RW         2189    STACK               startup_stm32f10x_md.o


==============================================================================

Image component sizes


      Code (inc. data)   RO Data    RW Data    ZI Data      Debug   Object Name

       208         10          0          0          0       1188   dds.o
        12          0          0          0          0       2943   main.o
         0          0          0          0          0     221716   misc.o
        64         26        236          0       1536        960   startup_stm32f10x_md.o
       278          0          0          0          0       2112   stm32f10x_gpio.o
       116          0          0          0          0       3124   stm32f10x_spi.o
       328         28          0          0          0       1973   system_stm32f10x.o

    ----------------------------------------------------------------------
      1006         64        252          0       1536     234016   Object Totals
         0          0         16          0          0          0   (incl. Generated)
         0          0          0          0          0          0   (incl. Padding)

    ----------------------------------------------------------------------

      Code (inc. data)   RO Data    RW Data    ZI Data      Debug   Library Member Name

         8          0          0          0          0         68   __main.o
         0          0          0          0          0          0   __rtentry.o
        12          0          0          0          0          0   __rtentry2.o
         6          0          0          0          0          0   __rtentry4.o
        52          8          0          0          0          0   __scatter.o
        28          0          0          0          0          0   __scatter_zi.o
        12          0          0          0          0         72   exit.o
         6          0          0          0          0        152   heapauxi.o
         0          0          0          0          0          0   indicate_semi.o
         2          0          0          0          0          0   libinit.o
         2          0          0          0          0          0   libinit2.o
         2          0          0          0          0          0   libshutdown.o
         2          0          0          0          0          0   libshutdown2.o
         8          4          0          0         96         68   libspace.o
         2          0          0          0          0          0   rtexit.o
        10          0          0          0          0          0   rtexit2.o
        12          4          0          0          0         68   sys_exit.o
        74          0          0          0          0         80   sys_stackheap_outer.o
         2          0          0          0          0         68   use_no_semi.o

    ----------------------------------------------------------------------
       242         16          0          0         96        576   Library Totals
         2          0          0          0          0          0   (incl. Padding)

    ----------------------------------------------------------------------

      Code (inc. data)   RO Data    RW Data    ZI Data      Debug   Library Name

       240         16          0          0         96        576   c_w.l

    ----------------------------------------------------------------------
       242         16          0          0         96        576   Library Totals

    ----------------------------------------------------------------------

==============================================================================


      Code (inc. data)   RO Data    RW Data    ZI Data      Debug   

      1248         80        252          0       1632     233896   Grand Totals
      1248         80        252          0       1632     233896   ELF Image Totals
      1248         80        252          0          0          0   ROM Totals

==============================================================================

    Total RO  Size (Code + RO Data)                 1500 (   1.46kB)
    Total RW  Size (RW Data + ZI Data)              1632 (   1.59kB)
    Total ROM Size (Code + RO Data + RW Data)       1500 (   1.46kB)

==============================================================================

