<html>
<body>
<pre>
<h1>µVision Build Log</h1>
<h2>Tool Versions:</h2>
IDE-Version: µVision V5.15
Copyright (C) 2015 ARM Ltd and ARM Germany GmbH. All rights reserved.
License Information: furkan yýlmaz, eratek, LIC=VGX56-D9R70-5TH3W-Q0N4D-1TV5R-9F3XR
 
Tool Versions:
Toolchain:       MDK-ARM Standard  Version: 5.15.0
Toolchain Path:  D:\Programs\Laptop\kurulu programlar\KEIL_V5\ARM\ARMCC\Bin
C Compiler:      Armcc.exe V5.05 update 2 (build 169)
Assembler:       Armasm.exe V5.05 update 2 (build 169)
Linker/Locator:  ArmLink.exe V5.05 update 2 (build 169)
Library Manager: ArmAr.exe V5.05 update 2 (build 169)
Hex Converter:   FromElf.exe V5.05 update 2 (build 169)
CPU DLL:         SARMCM3.DLL V5.15.0
Dialog DLL:      DCM.DLL V1.13.2.0
Target DLL:      STLink\ST-LINKIII-KEIL_SWO.dll V2.0.15.0_KEIL
Dialog DLL:      TCM.DLL V1.14.5.0
 
<h2>Project:</h2>
D:\Development\Projects\EMBEDDED\STM32\STM32F103\stm32f1_projects\25-Touchy_USB_ADC_TIM\VirtualCOMPort.uvprojx
Project File Date:  02/05/2017

<h2>Output:</h2>
*** Using Compiler 'V5.05 update 2 (build 169)', folder: 'D:\Programs\Laptop\kurulu programlar\KEIL_V5\ARM\ARMCC\Bin'
Build target 'touchy'
compiling AD5932.c...
linking...
Program Size: Code=9844 RO-data=452 RW-data=328 ZI-data=1152  
FromELF: creating hex file...
".\OUPUT\stm32_USB_TOUCHY.axf" - 0 Error(s), 0 Warning(s).

<h2>Software Packages used:</h2>

Package Vendor: ARM
                http://www.keil.com/pack/ARM.CMSIS.4.5.0.pack
                ARM::CMSIS:CORE:4.3.0
                CMSIS (Cortex Microcontroller Software Interface Standard)
   * Component: CORE Version: 4.3.0

<h2>Collection of Component include folders:</h2>
  D:\Development\Projects\EMBEDDED\STM32\STM32F103\stm32f1_projects\25-Touchy_USB_ADC_TIM\RTE
  D:\Programs\Laptop\kurulu programlar\KEIL_V5\ARM\PACK\ARM\CMSIS\4.5.0\CMSIS\Include
  D:\Programs\Laptop\kurulu programlar\KEIL_V5\ARM\PACK\Keil\STM32F1xx_DFP\2.0.0\Device\Include

<h2>Collection of Component Files used:</h2>

   * Component: ARM::CMSIS:CORE:4.3.0
</pre>
</body>
</html>
